
Discarded input sections

 .group         0x0000000000000000        0xc Output/tcar_sim Debug/Obj/inittask.o
 .group         0x0000000000000000        0xc Output/tcar_sim Debug/Obj/inittask.o
 .group         0x0000000000000000        0xc Output/tcar_sim Debug/Obj/inittask.o
 .group         0x0000000000000000        0xc Output/tcar_sim Debug/Obj/inittask.o
 .group         0x0000000000000000        0xc Output/tcar_sim Debug/Obj/inittask.o
 .group         0x0000000000000000        0xc Output/tcar_sim Debug/Obj/inittask.o
 .group         0x0000000000000000        0xc Output/tcar_sim Debug/Obj/inittask.o
 .group         0x0000000000000000        0xc Output/tcar_sim Debug/Obj/inittask.o
 .group         0x0000000000000000        0xc Output/tcar_sim Debug/Obj/inittask.o
 .group         0x0000000000000000        0xc Output/tcar_sim Debug/Obj/inittask.o
 .group         0x0000000000000000        0xc Output/tcar_sim Debug/Obj/inittask.o
 .group         0x0000000000000000        0xc Output/tcar_sim Debug/Obj/inittask.o
 .group         0x0000000000000000        0xc Output/tcar_sim Debug/Obj/inittask.o
 .group         0x0000000000000000        0xc Output/tcar_sim Debug/Obj/inittask.o
 .group         0x0000000000000000        0xc Output/tcar_sim Debug/Obj/inittask.o
 .group         0x0000000000000000        0xc Output/tcar_sim Debug/Obj/inittask.o
 .group         0x0000000000000000        0xc Output/tcar_sim Debug/Obj/inittask.o
 .group         0x0000000000000000        0xc Output/tcar_sim Debug/Obj/inittask.o
 .group         0x0000000000000000        0xc Output/tcar_sim Debug/Obj/inittask.o
 .group         0x0000000000000000        0xc Output/tcar_sim Debug/Obj/inittask.o
 .group         0x0000000000000000        0xc Output/tcar_sim Debug/Obj/inittask.o
 .group         0x0000000000000000        0xc Output/tcar_sim Debug/Obj/inittask.o
 .group         0x0000000000000000        0xc Output/tcar_sim Debug/Obj/inittask.o
 .group         0x0000000000000000        0xc Output/tcar_sim Debug/Obj/inittask.o
 .group         0x0000000000000000        0xc Output/tcar_sim Debug/Obj/inittask.o
 .group         0x0000000000000000        0xc Output/tcar_sim Debug/Obj/inittask.o
 .group         0x0000000000000000        0xc Output/tcar_sim Debug/Obj/inittask.o
 .group         0x0000000000000000        0xc Output/tcar_sim Debug/Obj/inittask.o
 .group         0x0000000000000000        0xc Output/tcar_sim Debug/Obj/inittask.o
 .group         0x0000000000000000        0xc Output/tcar_sim Debug/Obj/inittask.o
 .group         0x0000000000000000        0xc Output/tcar_sim Debug/Obj/inittask.o
 .group         0x0000000000000000        0xc Output/tcar_sim Debug/Obj/inittask.o
 .group         0x0000000000000000        0xc Output/tcar_sim Debug/Obj/inittask.o
 .group         0x0000000000000000        0xc Output/tcar_sim Debug/Obj/inittask.o
 .group         0x0000000000000000        0xc Output/tcar_sim Debug/Obj/inittask.o
 .group         0x0000000000000000        0xc Output/tcar_sim Debug/Obj/inittask.o
 .group         0x0000000000000000        0xc Output/tcar_sim Debug/Obj/inittask.o
 .group         0x0000000000000000        0xc Output/tcar_sim Debug/Obj/inittask.o
 .group         0x0000000000000000        0xc Output/tcar_sim Debug/Obj/inittask.o
 .group         0x0000000000000000        0xc Output/tcar_sim Debug/Obj/inittask.o
 .group         0x0000000000000000        0xc Output/tcar_sim Debug/Obj/inittask.o
 .group         0x0000000000000000        0xc Output/tcar_sim Debug/Obj/inittask.o
 .group         0x0000000000000000        0xc Output/tcar_sim Debug/Obj/inittask.o
 .group         0x0000000000000000        0xc Output/tcar_sim Debug/Obj/inittask.o
 .group         0x0000000000000000        0xc Output/tcar_sim Debug/Obj/inittask.o
 .group         0x0000000000000000        0xc Output/tcar_sim Debug/Obj/inittask.o
 .group         0x0000000000000000        0xc Output/tcar_sim Debug/Obj/inittask.o
 .group         0x0000000000000000        0xc Output/tcar_sim Debug/Obj/inittask.o
 .group         0x0000000000000000        0xc Output/tcar_sim Debug/Obj/inittask.o
 .group         0x0000000000000000        0xc Output/tcar_sim Debug/Obj/inittask.o
 .group         0x0000000000000000        0xc Output/tcar_sim Debug/Obj/inittask.o
 .text          0x0000000000000000        0x0 Output/tcar_sim Debug/Obj/inittask.o
 .data          0x0000000000000000        0x0 Output/tcar_sim Debug/Obj/inittask.o
 .bss           0x0000000000000000        0x0 Output/tcar_sim Debug/Obj/inittask.o
 .group         0x0000000000000000        0xc Output/tcar_sim Debug/Obj/sysinit.o
 .group         0x0000000000000000        0xc Output/tcar_sim Debug/Obj/sysinit.o
 .group         0x0000000000000000        0xc Output/tcar_sim Debug/Obj/sysinit.o
 .group         0x0000000000000000        0xc Output/tcar_sim Debug/Obj/sysinit.o
 .group         0x0000000000000000        0xc Output/tcar_sim Debug/Obj/sysinit.o
[...]
Memory Configuration

Name             Origin             Length             Attributes
*default*        0x0000000000000000 0xffffffffffffffff

Linker script and memory map


.text           0x0000000000000000     0x4220
                0x0000000000000000                __vector_org = .
 *(.vector)
 .vector        0x0000000000000000      0x240 Output/tcar_sim Debug/Obj/vector_tbl.o
                0x0000000000000000                vector_tbl
                0x0000000000000240                __start = .
 *(.text)
 .text          0x0000000000000240       0x90 Output/tcar_sim Debug/Obj/dispatch.o
                0x0000000000000240                knl_dispatch_entry
 *(.text.*)
 .text.start_system
                0x00000000000002d0       0x24 Output/tcar_sim Debug/Obj/inittask.o
 .text.shutdown_system
                0x00000000000002f4       0x34 Output/tcar_sim Debug/Obj/inittask.o
 .text.init_task_main
                0x0000000000000328       0x48 Output/tcar_sim Debug/Obj/inittask.o
 .text.main     0x0000000000000370       0xcc Output/tcar_sim Debug/Obj/sysinit.o
                0x0000000000000370                main
 .text.knl_tkernel_exit
                0x000000000000043c        0xc Output/tcar_sim Debug/Obj/sysinit.o
                0x000000000000043c                knl_tkernel_exit
 .text.QueInit  0x0000000000000448       0x16 Output/tcar_sim Debug/Obj/deviceio.o
 .text.isQueEmpty
                0x000000000000045e       0x1a Output/tcar_sim Debug/Obj/deviceio.o
 .text.QueInsert
                0x0000000000000478       0x28 Output/tcar_sim Debug/Obj/deviceio.o
 .text.QueRemove
                0x00000000000004a0       0x28 Output/tcar_sim Debug/Obj/deviceio.o
 .text.knl_delOpnCB
                0x00000000000004c8       0x3c Output/tcar_sim Debug/Obj/deviceio.o
                0x00000000000004c8                knl_delOpnCB
 .text.knl_delReqCB
                0x0000000000000504       0x2c Output/tcar_sim Debug/Obj/deviceio.o
                0x0000000000000504                knl_delReqCB
 .text.knl_chkopen
                0x0000000000000530       0x34 Output/tcar_sim Debug/Obj/deviceio.o
                0x0000000000000530                knl_chkopen
 .text.abort_allrequest
                0x0000000000000564      0x1e8 Output/tcar_sim Debug/Obj/deviceio.o
 .text.knl_close_device
                0x000000000000074c      0x10c Output/tcar_sim Debug/Obj/deviceio.o
                0x000000000000074c                knl_close_device
 .text.knl_devmgr_startup
                0x0000000000000858       0x2c Output/tcar_sim Debug/Obj/deviceio.o
                0x0000000000000858                knl_devmgr_startup
 .text.knl_devmgr_cleanup
                0x0000000000000884       0x7c Output/tcar_sim Debug/Obj/deviceio.o
                0x0000000000000884                knl_devmgr_cleanup
 .text.knl_initDevIO
                0x0000000000000900       0x94 Output/tcar_sim Debug/Obj/deviceio.o
                0x0000000000000900                knl_initDevIO
 .text.knl_finishDevIO
                0x0000000000000994        0x6 Output/tcar_sim Debug/Obj/deviceio.o
                0x0000000000000994                knl_finishDevIO
 .text.QueInit  0x000000000000099a       0x16 Output/tcar_sim Debug/Obj/eventflag.o
 .text.isQueEmpty
                0x00000000000009b0       0x1a Output/tcar_sim Debug/Obj/eventflag.o
 .text.QueInsert
                0x00000000000009ca       0x28 Output/tcar_sim Debug/Obj/eventflag.o
 .text.QueRemoveNext
                0x00000000000009f2       0x30 Output/tcar_sim Debug/Obj/eventflag.o
 *fill*         0x0000000000000a22        0x2 00000000
 .text.knl_isTaskIndependent
                0x0000000000000a24       0x18 Output/tcar_sim Debug/Obj/eventflag.o
 .text.knl_eventflag_cond
                0x0000000000000a3c       0x40 Output/tcar_sim Debug/Obj/eventflag.o
 .text.knl_eventflag_initialize
                0x0000000000000a7c       0x48 Output/tcar_sim Debug/Obj/eventflag.o
                0x0000000000000a7c                knl_eventflag_initialize
 .text.tk_cre_flg
                0x0000000000000ac4       0xd0 Output/tcar_sim Debug/Obj/eventflag.o
                0x0000000000000ac4                tk_cre_flg
 .text.tk_del_flg
                0x0000000000000b94       0x98 Output/tcar_sim Debug/Obj/eventflag.o
                0x0000000000000b94                tk_del_flg
 .text.tk_set_flg
                0x0000000000000c2c      0x108 Output/tcar_sim Debug/Obj/eventflag.o
                0x0000000000000c2c                tk_set_flg
 .text.flg_chg_pri
                0x0000000000000d34       0x2c Output/tcar_sim Debug/Obj/eventflag.o
 .text.tk_wai_flg
                0x0000000000000d60      0x184 Output/tcar_sim Debug/Obj/eventflag.o
                0x0000000000000d60                tk_wai_flg
 .text.QueInit  0x0000000000000ee4       0x16 Output/tcar_sim Debug/Obj/mailbox.o
 .text.QueInsert
                0x0000000000000efa       0x28 Output/tcar_sim Debug/Obj/mailbox.o
 *fill*         0x0000000000000f22        0x2 00000000
 .text.knl_mailbox_initialize
                0x0000000000000f24       0x48 Output/tcar_sim Debug/Obj/mailbox.o
                0x0000000000000f24                knl_mailbox_initialize
 .text.QueInit  0x0000000000000f6c       0x16 Output/tcar_sim Debug/Obj/memory.o
 .text.QueInsert
                0x0000000000000f82       0x28 Output/tcar_sim Debug/Obj/memory.o
 .text.QueRemove
                0x0000000000000faa       0x28 Output/tcar_sim Debug/Obj/memory.o
 .text.knl_searchFreeArea
                0x0000000000000fd2       0x94 Output/tcar_sim Debug/Obj/memory.o
                0x0000000000000fd2                knl_searchFreeArea
 .text.knl_appendFreeArea
                0x0000000000001066       0xac Output/tcar_sim Debug/Obj/memory.o
                0x0000000000001066                knl_appendFreeArea
 .text.knl_removeFreeQue
                0x0000000000001112       0x72 Output/tcar_sim Debug/Obj/memory.o
                0x0000000000001112                knl_removeFreeQue
 .text.knl_insertAreaQue
                0x0000000000001184       0x34 Output/tcar_sim Debug/Obj/memory.o
                0x0000000000001184                knl_insertAreaQue
 .text.knl_removeAreaQue
                0x00000000000011b8       0x34 Output/tcar_sim Debug/Obj/memory.o
                0x00000000000011b8                knl_removeAreaQue
 .text.knl_Imalloc
                0x00000000000011ec       0xa8 Output/tcar_sim Debug/Obj/memory.o
                0x00000000000011ec                knl_Imalloc
 .text.knl_Ifree
                0x0000000000001294       0x8c Output/tcar_sim Debug/Obj/memory.o
                0x0000000000001294                knl_Ifree
 .text.initIMACB
                0x0000000000001320       0x24 Output/tcar_sim Debug/Obj/memory.o
 .text.knl_init_Imalloc
                0x0000000000001344       0xcc Output/tcar_sim Debug/Obj/memory.o
                0x0000000000001344                knl_init_Imalloc
 .text.QueInit  0x0000000000001410       0x16 Output/tcar_sim Debug/Obj/mempfix.o
 .text.QueInsert
                0x0000000000001426       0x28 Output/tcar_sim Debug/Obj/mempfix.o
 .text.knl_InitOBJLOCK
                0x000000000000144e       0x10 Output/tcar_sim Debug/Obj/mempfix.o
 *fill*         0x000000000000145e        0x2 00000000
 .text.knl_fix_memorypool_initialize
                0x0000000000001460       0x54 Output/tcar_sim Debug/Obj/mempfix.o
                0x0000000000001460                knl_fix_memorypool_initialize
 .text.QueInit  0x00000000000014b4       0x16 Output/tcar_sim Debug/Obj/mempool.o
 .text.QueInsert
                0x00000000000014ca       0x28 Output/tcar_sim Debug/Obj/mempool.o
 *fill*         0x00000000000014f2        0x2 00000000
 .text.knl_memorypool_initialize
                0x00000000000014f4       0x48 Output/tcar_sim Debug/Obj/mempool.o
                0x00000000000014f4                knl_memorypool_initialize
 .text.QueInit  0x000000000000153c       0x16 Output/tcar_sim Debug/Obj/messagebuf.o
 .text.QueInsert
                0x0000000000001552       0x28 Output/tcar_sim Debug/Obj/messagebuf.o
 *fill*         0x000000000000157a        0x2 00000000
 .text.knl_messagebuffer_initialize
                0x000000000000157c       0x48 Output/tcar_sim Debug/Obj/messagebuf.o
                0x000000000000157c                knl_messagebuffer_initialize
 .text.QueInit  0x00000000000015c4       0x16 Output/tcar_sim Debug/Obj/mutex.o
 .text.QueInsert
                0x00000000000015da       0x28 Output/tcar_sim Debug/Obj/mutex.o
 *fill*         0x0000000000001602        0x2 00000000
 .text.knl_mutex_initialize
                0x0000000000001604       0x48 Output/tcar_sim Debug/Obj/mutex.o
                0x0000000000001604                knl_mutex_initialize
 .text.QueInit  0x000000000000164c       0x16 Output/tcar_sim Debug/Obj/rendezvous.o
 .text.QueInsert
                0x0000000000001662       0x28 Output/tcar_sim Debug/Obj/rendezvous.o
 *fill*         0x000000000000168a        0x2 00000000
 .text.knl_rendezvous_initialize
                0x000000000000168c       0x48 Output/tcar_sim Debug/Obj/rendezvous.o
                0x000000000000168c                knl_rendezvous_initialize
 .text.QueInit  0x00000000000016d4       0x16 Output/tcar_sim Debug/Obj/semaphore.o
 .text.QueInsert
                0x00000000000016ea       0x28 Output/tcar_sim Debug/Obj/semaphore.o
 *fill*         0x0000000000001712        0x2 00000000
 .text.knl_isTaskIndependent
                0x0000000000001714       0x18 Output/tcar_sim Debug/Obj/semaphore.o
 .text.knl_semaphore_initialize
                0x000000000000172c       0x48 Output/tcar_sim Debug/Obj/semaphore.o
                0x000000000000172c                knl_semaphore_initialize
 .text.tk_del_sem
                0x0000000000001774       0xa0 Output/tcar_sim Debug/Obj/semaphore.o
                0x0000000000001774                tk_del_sem
 .text.sem_chg_pri
                0x0000000000001814       0x84 Output/tcar_sim Debug/Obj/semaphore.o
 .text.sem_rel_wai
                0x0000000000001898       0x18 Output/tcar_sim Debug/Obj/semaphore.o
 .text.tk_wai_sem
                0x00000000000018b0      0x150 Output/tcar_sim Debug/Obj/semaphore.o
                0x00000000000018b0                tk_wai_sem
 .text.QueInit  0x0000000000001a00       0x16 Output/tcar_sim Debug/Obj/task.o
 .text.isQueEmpty
                0x0000000000001a16       0x1a Output/tcar_sim Debug/Obj/task.o
 .text.QueInsert
                0x0000000000001a30       0x28 Output/tcar_sim Debug/Obj/task.o
 .text.QueRemove
                0x0000000000001a58       0x28 Output/tcar_sim Debug/Obj/task.o
 .text.knl_ready_queue_calc_top_priority
                0x0000000000001a80       0x2e Output/tcar_sim Debug/Obj/task.o
 .text.knl_ready_queue_initialize
                0x0000000000001aae       0x56 Output/tcar_sim Debug/Obj/task.o
 .text.knl_ready_queue_top
                0x0000000000001b04       0x28 Output/tcar_sim Debug/Obj/task.o
 .text.knl_ready_queue_insert
                0x0000000000001b2c       0x6e Output/tcar_sim Debug/Obj/task.o
 .text.knl_ready_queue_delete
                0x0000000000001b9a       0xa6 Output/tcar_sim Debug/Obj/task.o
 .text.knl_setup_context
                0x0000000000001c40       0x48 Output/tcar_sim Debug/Obj/task.o
 .text.knl_task_initialize
                0x0000000000001c88       0x88 Output/tcar_sim Debug/Obj/task.o
                0x0000000000001c88                knl_task_initialize
 .text.knl_make_dormant
                0x0000000000001d10       0x80 Output/tcar_sim Debug/Obj/task.o
                0x0000000000001d10                knl_make_dormant
 .text.knl_make_ready
                0x0000000000001d90       0x34 Output/tcar_sim Debug/Obj/task.o
                0x0000000000001d90                knl_make_ready
 .text.knl_make_non_ready
                0x0000000000001dc4       0x34 Output/tcar_sim Debug/Obj/task.o
                0x0000000000001dc4                knl_make_non_ready
 .text.QueRemoveNext
                0x0000000000001df8       0x30 Output/tcar_sim Debug/Obj/task_manage.o
 .text.knl_isTaskIndependent
                0x0000000000001e28       0x18 Output/tcar_sim Debug/Obj/task_manage.o
 .text.knl_setup_stacd
                0x0000000000001e40       0x22 Output/tcar_sim Debug/Obj/task_manage.o
 *fill*         0x0000000000001e62        0x2 00000000
 .text.tk_cre_tsk
                0x0000000000001e64      0x164 Output/tcar_sim Debug/Obj/task_manage.o
                0x0000000000001e64                tk_cre_tsk
 .text.tk_sta_tsk
                0x0000000000001fc8       0xe8 Output/tcar_sim Debug/Obj/task_manage.o
                0x0000000000001fc8                tk_sta_tsk
 .text.tk_get_tid
                0x00000000000020b0       0x1c Output/tcar_sim Debug/Obj/task_manage.o
                0x00000000000020b0                tk_get_tid
 .text.QueInit  0x00000000000020cc       0x16 Output/tcar_sim Debug/Obj/time_calls.o
 .text.QueInsert
                0x00000000000020e2       0x28 Output/tcar_sim Debug/Obj/time_calls.o
 *fill*         0x000000000000210a        0x2 00000000
 .text.knl_cyclichandler_initialize
                0x000000000000210c       0x48 Output/tcar_sim Debug/Obj/time_calls.o
                0x000000000000210c                knl_cyclichandler_initialize
 .text.knl_alarmhandler_initialize
                0x0000000000002154       0x48 Output/tcar_sim Debug/Obj/time_calls.o
                0x0000000000002154                knl_alarmhandler_initialize
 .text.out_w    0x000000000000219c       0x12 Output/tcar_sim Debug/Obj/timer.o
 .text.in_w     0x00000000000021ae        0xe Output/tcar_sim Debug/Obj/timer.o
 .text.QueInit  0x00000000000021bc       0x16 Output/tcar_sim Debug/Obj/timer.o
 .text.isQueEmpty
                0x00000000000021d2       0x1a Output/tcar_sim Debug/Obj/timer.o
 .text.QueInsert
                0x00000000000021ec       0x28 Output/tcar_sim Debug/Obj/timer.o
 .text.QueRemove
                0x0000000000002214       0x28 Output/tcar_sim Debug/Obj/timer.o
 .text.knl_abstim_reached
                0x000000000000223c       0x18 Output/tcar_sim Debug/Obj/timer.o
 .text.knl_init_hw_timer
                0x0000000000002254       0x40 Output/tcar_sim Debug/Obj/timer.o
 .text.knl_start_hw_timer
                0x0000000000002294        0xa Output/tcar_sim Debug/Obj/timer.o
 *fill*         0x000000000000229e        0x2 00000000
 .text.knl_clear_hw_timer_interrupt
                0x00000000000022a0       0x20 Output/tcar_sim Debug/Obj/timer.o
 .text.knl_end_of_hw_timer_interrupt
                0x00000000000022c0        0x4 Output/tcar_sim Debug/Obj/timer.o
 .text.knl_terminate_hw_timer
                0x00000000000022c4       0x14 Output/tcar_sim Debug/Obj/timer.o
 .text.knl_timer_startup
                0x00000000000022d8       0x38 Output/tcar_sim Debug/Obj/timer.o
                0x00000000000022d8                knl_timer_startup
 .text.knl_timer_shutdown
                0x0000000000002310        0xa Output/tcar_sim Debug/Obj/timer.o
                0x0000000000002310                knl_timer_shutdown
 *fill*         0x000000000000231a        0x2 00000000
 .text.knl_enqueue_tmeb
                0x000000000000231c       0x60 Output/tcar_sim Debug/Obj/timer.o
 .text.knl_timer_insert
                0x000000000000237c       0x50 Output/tcar_sim Debug/Obj/timer.o
                0x000000000000237c                knl_timer_insert
 .text.knl_timer_handler
                0x00000000000023cc       0xe8 Output/tcar_sim Debug/Obj/timer.o
                0x00000000000023cc                knl_timer_handler
 .text.knl_init_object
                0x00000000000024b4       0xbe Output/tcar_sim Debug/Obj/tkinit.o
                0x00000000000024b4                knl_init_object
 .text.isQueEmpty
                0x0000000000002572       0x1a Output/tcar_sim Debug/Obj/wait.o
 .text.QueInsert
                0x000000000000258c       0x28 Output/tcar_sim Debug/Obj/wait.o
 .text.QueRemove
                0x00000000000025b4       0x28 Output/tcar_sim Debug/Obj/wait.o
 .text.knl_timer_delete
                0x00000000000025dc       0x16 Output/tcar_sim Debug/Obj/wait.o
 .text.knl_queue_insert_tpri
                0x00000000000025f2       0x5a Output/tcar_sim Debug/Obj/wait.o
 .text.knl_make_non_wait
                0x000000000000264c       0x28 Output/tcar_sim Debug/Obj/wait.o
 .text.knl_wait_release
                0x0000000000002674       0x26 Output/tcar_sim Debug/Obj/wait.o
 .text.knl_wait_release_ok
                0x000000000000269a       0x1c Output/tcar_sim Debug/Obj/wait.o
                0x000000000000269a                knl_wait_release_ok
 .text.knl_wait_release_tmout
                0x00000000000026b6       0x30 Output/tcar_sim Debug/Obj/wait.o
                0x00000000000026b6                knl_wait_release_tmout
 *fill*         0x00000000000026e6        0x2 00000000
 .text.knl_make_wait
                0x00000000000026e8       0x60 Output/tcar_sim Debug/Obj/wait.o
                0x00000000000026e8                knl_make_wait
 .text.knl_wait_delete
                0x0000000000002748       0x34 Output/tcar_sim Debug/Obj/wait.o
                0x0000000000002748                knl_wait_delete
 .text.knl_gcb_make_wait
                0x000000000000277c       0x68 Output/tcar_sim Debug/Obj/wait.o
                0x000000000000277c                knl_gcb_make_wait
 .text.knl_gcb_change_priority
                0x00000000000027e4       0x22 Output/tcar_sim Debug/Obj/wait.o
                0x00000000000027e4                knl_gcb_change_priority
 .text.knl_gcb_top_of_wait_queue
                0x0000000000002806       0x4e Output/tcar_sim Debug/Obj/wait.o
                0x0000000000002806                knl_gcb_top_of_wait_queue
 .text.QueInit  0x0000000000002854       0x16 Output/tcar_sim Debug/Obj/device.o
 .text.QueInsert
                0x000000000000286a       0x28 Output/tcar_sim Debug/Obj/device.o
 *fill*         0x0000000000002892        0x2 00000000
 .text.initDevCB
                0x0000000000002894       0x50 Output/tcar_sim Debug/Obj/device.o
 .text.initIDev
                0x00000000000028e4       0x18 Output/tcar_sim Debug/Obj/device.o
 .text.knl_initialize_devmgr
                0x00000000000028fc       0x64 Output/tcar_sim Debug/Obj/device.o
                0x00000000000028fc                knl_initialize_devmgr
 .text.delIDev  0x0000000000002960        0xe Output/tcar_sim Debug/Obj/device.o
 *fill*         0x000000000000296e        0x2 00000000
 .text.knl_finish_devmgr
                0x0000000000002970       0x28 Output/tcar_sim Debug/Obj/device.o
                0x0000000000002970                knl_finish_devmgr
 .text.knl_memset
                0x0000000000002998       0x94 Output/tcar_sim Debug/Obj/string.o
                0x0000000000002998                knl_memset
 .text.knl_memcpy
                0x0000000000002a2c       0x30 Output/tcar_sim Debug/Obj/string.o
                0x0000000000002a2c                knl_memcpy
 .text.knl_strcpy
                0x0000000000002a5c       0x2a Output/tcar_sim Debug/Obj/string.o
                0x0000000000002a5c                knl_strcpy
 .text.knl_strncpy
                0x0000000000002a86       0x4e Output/tcar_sim Debug/Obj/string.o
                0x0000000000002a86                knl_strncpy
 .text.knl_init_device
                0x0000000000002ad4        0x6 Output/tcar_sim Debug/Obj/devinit.o
                0x0000000000002ad4                knl_init_device
 .text.knl_start_device
                0x0000000000002ada        0x6 Output/tcar_sim Debug/Obj/devinit.o
                0x0000000000002ada                knl_start_device
 .text.knl_finish_device
                0x0000000000002ae0        0x6 Output/tcar_sim Debug/Obj/devinit.o
                0x0000000000002ae0                knl_finish_device
 *fill*         0x0000000000002ae6        0x2 00000000
 .text.knl_startup_hw
                0x0000000000002ae8       0x54 Output/tcar_sim Debug/Obj/hw_setting.o
                0x0000000000002ae8                knl_startup_hw
 .text.knl_shutdown_hw
                0x0000000000002b3c        0x8 Output/tcar_sim Debug/Obj/hw_setting.o
                0x0000000000002b3c                knl_shutdown_hw
 .text.knl_restart_hw
                0x0000000000002b44       0x64 Output/tcar_sim Debug/Obj/hw_setting.o
                0x0000000000002b44                knl_restart_hw
 .text.low_pow  0x0000000000002ba8        0x4 Output/tcar_sim Debug/Obj/power_save.o
                0x0000000000002ba8                low_pow
 .text.enable_pll
                0x0000000000002bac        0xe Output/tcar_sim Debug/Obj/cpu_clock.o
                0x0000000000002bac                enable_pll
 *fill*         0x0000000000002bba        0x2 00000000
 .text.knl_EnterTaskIndependent
                0x0000000000002bbc       0x14 Output/tcar_sim Debug/Obj/interrupt.o
 .text.knl_LeaveTaskIndependent
                0x0000000000002bd0       0x14 Output/tcar_sim Debug/Obj/interrupt.o
 .text.knl_systim_inthdr
                0x0000000000002be4       0x12 Output/tcar_sim Debug/Obj/interrupt.o
                0x0000000000002be4                knl_systim_inthdr
 .text.knl_init_interrupt
                0x0000000000002bf6        0x6 Output/tcar_sim Debug/Obj/interrupt.o
                0x0000000000002bf6                knl_init_interrupt
 .text.Reset_Handler
                0x0000000000002bfc      0x124 Output/tcar_sim Debug/Obj/reset_hdl.o
                0x0000000000002bfc                Reset_Handler
 .text.knl_force_dispatch
                0x0000000000002d20       0x2c Output/tcar_sim Debug/Obj/cpu_cntl.o
                0x0000000000002d20                knl_force_dispatch
 .text.knl_dispatch
                0x0000000000002d4c       0x10 Output/tcar_sim Debug/Obj/cpu_cntl.o
                0x0000000000002d4c                knl_dispatch
 .text.NMI_Handler
                0x0000000000002d5c       0x10 Output/tcar_sim Debug/Obj/exc_hdr.o
                0x0000000000002d5c                NMI_Handler
 .text.HardFault_Handler
                0x0000000000002d6c       0x60 Output/tcar_sim Debug/Obj/exc_hdr.o
                0x0000000000002d6c                HardFault_Handler
 .text.MemManage_Handler
                0x0000000000002dcc       0x10 Output/tcar_sim Debug/Obj/exc_hdr.o
                0x0000000000002dcc                MemManage_Handler
 .text.BusFault_Handler
                0x0000000000002ddc       0x10 Output/tcar_sim Debug/Obj/exc_hdr.o
                0x0000000000002ddc                BusFault_Handler
 .text.UsageFault_Handler
                0x0000000000002dec       0x10 Output/tcar_sim Debug/Obj/exc_hdr.o
                0x0000000000002dec                UsageFault_Handler
 .text.Svcall_Handler
                0x0000000000002dfc       0x10 Output/tcar_sim Debug/Obj/exc_hdr.o
                0x0000000000002dfc                Svcall_Handler
 .text.DebugMon_Handler
                0x0000000000002e0c       0x10 Output/tcar_sim Debug/Obj/exc_hdr.o
                0x0000000000002e0c                DebugMon_Handler
 .text.Default_Handler
                0x0000000000002e1c       0x48 Output/tcar_sim Debug/Obj/exc_hdr.o
                0x0000000000002e1c                Default_Handler
 .text.INC      0x0000000000002e64       0x24 Output/tcar_sim Debug/Obj/fastmlock.o
 .text.DEC      0x0000000000002e88       0x24 Output/tcar_sim Debug/Obj/fastmlock.o
 .text.BTS      0x0000000000002eac       0x3e Output/tcar_sim Debug/Obj/fastmlock.o
 .text.BR       0x0000000000002eea       0x30 Output/tcar_sim Debug/Obj/fastmlock.o
 .text.MLockTmo
                0x0000000000002f1a       0x68 Output/tcar_sim Debug/Obj/fastmlock.o
                0x0000000000002f1a                MLockTmo
 .text.MLock    0x0000000000002f82       0x1e Output/tcar_sim Debug/Obj/fastmlock.o
                0x0000000000002f82                MLock
 .text.MUnlock  0x0000000000002fa0       0x42 Output/tcar_sim Debug/Obj/fastmlock.o
                0x0000000000002fa0                MUnlock
 *fill*         0x0000000000002fe2        0x2 00000000
 .text.CreateMLock
                0x0000000000002fe4       0x74 Output/tcar_sim Debug/Obj/fastmlock.o
                0x0000000000002fe4                CreateMLock
 .text.DeleteMLock
                0x0000000000003058       0x3a Output/tcar_sim Debug/Obj/fastmlock.o
                0x0000000000003058                DeleteMLock
 .text.set_basepri
                0x0000000000003092       0x10 Output/tcar_sim Debug/Obj/int_acm3.o
                0x0000000000003092                set_basepri
 .text.get_basepri
                0x00000000000030a2       0x10 Output/tcar_sim Debug/Obj/int_acm3.o
                0x00000000000030a2                get_basepri
 .text.disint   0x00000000000030b2       0x1a Output/tcar_sim Debug/Obj/int_acm3.o
                0x00000000000030b2                disint
 .text.outint   0x00000000000030cc       0x88 Output/tcar_sim Debug/Obj/libtm_printf.o
 .text.tm_vsprintf
                0x0000000000003154      0x6d4 Output/tcar_sim Debug/Obj/libtm_printf.o
 .text.out_cons
                0x0000000000003828       0x46 Output/tcar_sim Debug/Obj/libtm_printf.o
 *fill*         0x000000000000386e        0x2 00000000
 .text.tm_printf
                0x0000000000003870       0x34 Output/tcar_sim Debug/Obj/libtm_printf.o
                0x0000000000003870                tm_printf
 .text.libtm_init
                0x00000000000038a4        0xa Output/tcar_sim Debug/Obj/libtm.o
                0x00000000000038a4                libtm_init
 *fill*         0x00000000000038ae        0x2 00000000
 .text.tm_putchar
                0x00000000000038b0       0x48 Output/tcar_sim Debug/Obj/libtm.o
                0x00000000000038b0                tm_putchar
 .text.tm_putstring
                0x00000000000038f8       0x3c Output/tcar_sim Debug/Obj/libtm.o
                0x00000000000038f8                tm_putstring
 .text.tm_snd_dat
                0x0000000000003934       0x1c Output/tcar_sim Debug/Obj/SEGGER_tm_com.o
                0x0000000000003934                tm_snd_dat
 .text.tm_com_init
                0x0000000000003950        0x4 Output/tcar_sim Debug/Obj/SEGGER_tm_com.o
                0x0000000000003950                tm_com_init
 .text._DoInit  0x0000000000003954       0x9c Output/tcar_sim Debug/Obj/SEGGER_RTT.o
 .text._WriteBlocking
                0x00000000000039f0       0xb2 Output/tcar_sim Debug/Obj/SEGGER_RTT.o
 .text._WriteNoCheck
                0x0000000000003aa2       0x7e Output/tcar_sim Debug/Obj/SEGGER_RTT.o
 .text._GetAvailWriteSpace
                0x0000000000003b20       0x3c Output/tcar_sim Debug/Obj/SEGGER_RTT.o
 .text.SEGGER_RTT_WriteNoLock
                0x0000000000003b5c       0xa0 Output/tcar_sim Debug/Obj/SEGGER_RTT.o
                0x0000000000003b5c                SEGGER_RTT_WriteNoLock
 .text.SEGGER_RTT_Write
                0x0000000000003bfc       0x44 Output/tcar_sim Debug/Obj/SEGGER_RTT.o
                0x0000000000003bfc                SEGGER_RTT_Write
 .text.test_pattern
                0x0000000000003c40       0x68 Output/tcar_sim Debug/Obj/user_main.o
                0x0000000000003c40                test_pattern
 .text.print_bits
                0x0000000000003ca8       0x4c Output/tcar_sim Debug/Obj/user_main.o
                0x0000000000003ca8                print_bits
 .text.clear_bit8_7
                0x0000000000003cf4       0x24 Output/tcar_sim Debug/Obj/user_main.o
                0x0000000000003cf4                clear_bit8_7
 .text.set_bit8_6
                0x0000000000003d18       0x24 Output/tcar_sim Debug/Obj/user_main.o
                0x0000000000003d18                set_bit8_6
 .text.toggle_bit8_7
                0x0000000000003d3c       0x24 Output/tcar_sim Debug/Obj/user_main.o
                0x0000000000003d3c                toggle_bit8_7
 .text.usermain
                0x0000000000003d60       0x98 Output/tcar_sim Debug/Obj/user_main.o
                0x0000000000003d60                usermain
 *(.rodata)
 .rodata        0x0000000000003df8       0x55 Output/tcar_sim Debug/Obj/inittask.o
 *fill*         0x0000000000003e4d        0x3 00000000
 .rodata        0x0000000000003e50       0xd8 Output/tcar_sim Debug/Obj/sysinit.o
 .rodata        0x0000000000003f28        0x5 Output/tcar_sim Debug/Obj/device.o
 *fill*         0x0000000000003f2d        0x3 00000000
 .rodata        0x0000000000003f30       0x53 Output/tcar_sim Debug/Obj/hw_setting.o
 *fill*         0x0000000000003f83        0x1 00000000
 .rodata        0x0000000000003f84       0xca Output/tcar_sim Debug/Obj/exc_hdr.o
 *fill*         0x000000000000404e        0x2 00000000
 .rodata        0x0000000000004050        0x5 Output/tcar_sim Debug/Obj/fastmlock.o
 *fill*         0x0000000000004055        0x3 00000000
 .rodata        0x0000000000004058        0xe Output/tcar_sim Debug/Obj/libtm_printf.o
 *fill*         0x0000000000004066        0x2 00000000
 .rodata        0x0000000000004068       0x17 Output/tcar_sim Debug/Obj/SEGGER_RTT.o
 *fill*         0x000000000000407f        0x1 00000000
 .rodata        0x0000000000004080       0x8c Output/tcar_sim Debug/Obj/user_main.o
 *(.rodata.*)
 .rodata.knl_init_ctsk
                0x000000000000410c       0x20 Output/tcar_sim Debug/Obj/inittask.o
                0x000000000000410c                knl_init_ctsk
 .rodata.knl_wspec_flg_tfifo
                0x000000000000412c        0xc Output/tcar_sim Debug/Obj/eventflag.o
 .rodata.knl_wspec_flg_tpri
                0x0000000000004138        0xc Output/tcar_sim Debug/Obj/eventflag.o
 .rodata.knl_wspec_sem_tfifo
                0x0000000000004144        0xc Output/tcar_sim Debug/Obj/semaphore.o
 .rodata.knl_wspec_sem_tpri
                0x0000000000004150        0xc Output/tcar_sim Debug/Obj/semaphore.o
 .rodata.setup_regs
                0x000000000000415c       0x98 Output/tcar_sim Debug/Obj/hw_setting.o
 .rodata.digits.4569
                0x00000000000041f4       0x20 Output/tcar_sim Debug/Obj/libtm_printf.o
 .rodata.CR.4371
                0x0000000000004214        0x1 Output/tcar_sim Debug/Obj/libtm.o
                0x0000000000004220                . = ALIGN (0x10)
 *fill*         0x0000000000004215        0xb 00000000

.glue_7         0x0000000000004220        0x0
 .glue_7        0x0000000000004220        0x0 linker stubs

.glue_7t        0x0000000000004220        0x0
 .glue_7t       0x0000000000004220        0x0 linker stubs

.vfp11_veneer   0x0000000000004220        0x0
 .vfp11_veneer  0x0000000000004220        0x0 linker stubs

.v4_bx          0x0000000000004220        0x0
 .v4_bx         0x0000000000004220        0x0 linker stubs

.iplt           0x0000000000004220        0x0
 .iplt          0x0000000000004220        0x0 Output/tcar_sim Debug/Obj/inittask.o

.rel.dyn        0x0000000000004220        0x0
 .rel.iplt      0x0000000000004220        0x0 Output/tcar_sim Debug/Obj/inittask.o
                0x0000000000004220                . = ALIGN (0x4)
                0x0000000000004220                __data_org = .

vector          0x0000000020000800      0x240
                0x0000000020000800                __vector_start = .
 *(.data_vector)
 .data_vector   0x0000000020000800      0x240 Output/tcar_sim Debug/Obj/interrupt.o
                0x0000000020000800                exchdr_tbl
                0x0000000020000a40                __vector_end = .

.data           0x0000000020000a40        0x0 load address 0x0000000000004220
                0x0000000020000a40                __data_start = .
 *(.data)
 *(.data.*)
                0x0000000020000a40                . = ALIGN (0x4)
                0x0000000020000a40                __data_end = .

.igot.plt       0x0000000020000a40        0x0
 .igot.plt      0x0000000020000a40        0x0 Output/tcar_sim Debug/Obj/inittask.o

.bss            0x0000000020000a40     0x2e94
                0x0000000020000a40                __bss_start = .
                [!provide]                        PROVIDE (__noinit_start = .)
 *(.noinit)
 .noinit        0x0000000020000a40      0x75c Output/tcar_sim Debug/Obj/deviceio.o
                0x0000000020000a40                knl_OpnCBtbl
                0x0000000020000e40                knl_FreeOpnCB
                0x0000000020000e48                knl_ReqCBtbl
                0x0000000020001188                knl_FreeReqCB
                0x0000000020001190                knl_resource_control_block
 .noinit        0x000000002000119c      0x208 Output/tcar_sim Debug/Obj/eventflag.o
                0x000000002000119c                knl_flgcb_table
                0x000000002000139c                knl_free_flgcb
 .noinit        0x00000000200013a4      0x128 Output/tcar_sim Debug/Obj/mailbox.o
                0x00000000200013a4                knl_mbxcb_table
                0x00000000200014c4                knl_free_mbxcb
 .noinit        0x00000000200014cc        0x4 Output/tcar_sim Debug/Obj/memory.o
                0x00000000200014cc                knl_imacb
 .noinit        0x00000000200014d0      0x208 Output/tcar_sim Debug/Obj/mempfix.o
                0x00000000200014d0                knl_mpfcb_table
                0x00000000200016d0                knl_free_mpfcb
 .noinit        0x00000000200016d8       0xf8 Output/tcar_sim Debug/Obj/mempool.o
                0x00000000200016d8                knl_mplcb_table
                0x00000000200017c8                knl_free_mplcb
 .noinit        0x00000000200017d0      0x1e8 Output/tcar_sim Debug/Obj/messagebuf.o
                0x00000000200017d0                knl_mbfcb_table
                0x00000000200019b0                knl_free_mbfcb
 .noinit        0x00000000200019b8       0xa8 Output/tcar_sim Debug/Obj/mutex.o
                0x00000000200019b8                knl_mtxcb_table
                0x0000000020001a58                knl_free_mtxcb
 .noinit        0x0000000020001a60       0xb8 Output/tcar_sim Debug/Obj/rendezvous.o
                0x0000000020001a60                knl_porcb_table
                0x0000000020001b10                knl_free_porcb
 .noinit        0x0000000020001b18      0x248 Output/tcar_sim Debug/Obj/semaphore.o
                0x0000000020001b18                knl_semcb_table
                0x0000000020001d58                knl_free_semcb
 .noinit        0x0000000020001d60     0x1124 Output/tcar_sim Debug/Obj/task.o
                0x0000000020001d60                knl_dispatch_disabled
                0x0000000020001d64                knl_ctxtsk
                0x0000000020001d68                knl_schedtsk
                0x0000000020001d6c                knl_ready_queue
                0x0000000020001e7c                knl_tcb_table
                0x0000000020002e7c                knl_free_tcb
 .noinit        0x0000000020002e84      0x230 Output/tcar_sim Debug/Obj/time_calls.o
                0x0000000020002e84                knl_cyccb_table
                0x0000000020002f44                knl_free_cyccb
                0x0000000020002f4c                knl_almcb_table
                0x00000000200030ac                knl_free_almcb
 *fill*         0x00000000200030b4        0x4 
 .noinit        0x00000000200030b8       0x18 Output/tcar_sim Debug/Obj/timer.o
                0x00000000200030b8                knl_current_time
                0x00000000200030c0                knl_real_time_ofs
                0x00000000200030c8                knl_timer_queue
 .noinit        0x00000000200030d0      0x264 Output/tcar_sim Debug/Obj/device.o
                0x00000000200030d0                knl_DevMgrLock
                0x00000000200030e0                knl_DefaultIDev
                0x00000000200030e4                knl_DevCBtbl
                0x0000000020003324                knl_UsedDevCB
                0x000000002000332c                knl_FreeDevCB
 .noinit        0x0000000020003334      0x100 Output/tcar_sim Debug/Obj/cpu_cntl.o
                0x0000000020003334                knl_tmp_stack
                [!provide]                        PROVIDE (__noinit_end = .)
 *(.bss)
 *(.bss.*)
 .bss.knl_DisSusCnt
                0x0000000020003434        0x4 Output/tcar_sim Debug/Obj/deviceio.o
                0x0000000020003434                knl_DisSusCnt
 .bss.knl_lowpow_discnt
                0x0000000020003438        0x4 Output/tcar_sim Debug/Obj/power.o
                0x0000000020003438                knl_lowpow_discnt
 .bss.knl_lowmem_top
                0x000000002000343c        0x4 Output/tcar_sim Debug/Obj/reset_hdl.o
                0x000000002000343c                knl_lowmem_top
 .bss.knl_lowmem_limit
                0x0000000020003440        0x4 Output/tcar_sim Debug/Obj/reset_hdl.o
                0x0000000020003440                knl_lowmem_limit
 .bss.knl_taskindp
                0x0000000020003444        0x4 Output/tcar_sim Debug/Obj/cpu_cntl.o
                0x0000000020003444                knl_taskindp
 .bss._SEGGER_RTT
                0x0000000020003448       0x78 Output/tcar_sim Debug/Obj/SEGGER_RTT.o
                0x0000000020003448                _SEGGER_RTT
 .bss._acUpBuffer
                0x00000000200034c0      0x400 Output/tcar_sim Debug/Obj/SEGGER_RTT.o
 .bss._acDownBuffer
                0x00000000200038c0       0x10 Output/tcar_sim Debug/Obj/SEGGER_RTT.o
 .bss.i.4347    0x00000000200038d0        0x4 Output/tcar_sim Debug/Obj/user_main.o
 *(COMMON)
                0x00000000200038d4                . = ALIGN (0x4)
                0x00000000200038d4                __bss_end = .
                0x00000000200038d4                __end = .
START GROUP
LOAD Output/tcar_sim Debug/Obj/inittask.o
LOAD Output/tcar_sim Debug/Obj/sysinit.o
LOAD Output/tcar_sim Debug/Obj/deviceio.o
LOAD Output/tcar_sim Debug/Obj/eventflag.o
LOAD Output/tcar_sim Debug/Obj/int.o
LOAD Output/tcar_sim Debug/Obj/klock.o
LOAD Output/tcar_sim Debug/Obj/mailbox.o
LOAD Output/tcar_sim Debug/Obj/memory.o
LOAD Output/tcar_sim Debug/Obj/mempfix.o
LOAD Output/tcar_sim Debug/Obj/mempool.o
LOAD Output/tcar_sim Debug/Obj/messagebuf.o
LOAD Output/tcar_sim Debug/Obj/misc_calls.o
LOAD Output/tcar_sim Debug/Obj/mutex.o
LOAD Output/tcar_sim Debug/Obj/objname.o
LOAD Output/tcar_sim Debug/Obj/power.o
LOAD Output/tcar_sim Debug/Obj/rendezvous.o
LOAD Output/tcar_sim Debug/Obj/semaphore.o
LOAD Output/tcar_sim Debug/Obj/task.o
LOAD Output/tcar_sim Debug/Obj/task_manage.o
LOAD Output/tcar_sim Debug/Obj/task_sync.o
LOAD Output/tcar_sim Debug/Obj/time_calls.o
LOAD Output/tcar_sim Debug/Obj/timer.o
LOAD Output/tcar_sim Debug/Obj/tkinit.o
LOAD Output/tcar_sim Debug/Obj/wait.o
LOAD Output/tcar_sim Debug/Obj/cpuctl.o
LOAD Output/tcar_sim Debug/Obj/device.o
LOAD Output/tcar_sim Debug/Obj/bitop.o
LOAD Output/tcar_sim Debug/Obj/string.o
LOAD Output/tcar_sim Debug/Obj/usermain.o
LOAD Output/tcar_sim Debug/Obj/devinit.o
LOAD Output/tcar_sim Debug/Obj/hw_setting.o
LOAD Output/tcar_sim Debug/Obj/power_save.o
LOAD Output/tcar_sim Debug/Obj/cpu_clock.o
LOAD Output/tcar_sim Debug/Obj/interrupt.o
LOAD Output/tcar_sim Debug/Obj/reset_hdl.o
LOAD Output/tcar_sim Debug/Obj/vector_tbl.o
LOAD Output/tcar_sim Debug/Obj/cpu_cntl.o
LOAD Output/tcar_sim Debug/Obj/dispatch.o
LOAD Output/tcar_sim Debug/Obj/exc_hdr.o
LOAD Output/tcar_sim Debug/Obj/fastlock.o
LOAD Output/tcar_sim Debug/Obj/fastmlock.o
LOAD Output/tcar_sim Debug/Obj/int_m367.o
LOAD Output/tcar_sim Debug/Obj/wusec_acm3.o
LOAD Output/tcar_sim Debug/Obj/int_acm3.o
LOAD Output/tcar_sim Debug/Obj/libtm_printf.o
LOAD Output/tcar_sim Debug/Obj/libtm.o
LOAD Output/tcar_sim Debug/Obj/tm_com.o
LOAD Output/tcar_sim Debug/Obj/SEGGER_tm_com.o
LOAD Output/tcar_sim Debug/Obj/SEGGER_RTT.o
LOAD Output/tcar_sim Debug/Obj/user_main.o
END GROUP
OUTPUT(Output/Debug/Exe/tcar_sim.elf elf32-littlearm)

.debug_frame    0x0000000000000000     0x459c
 .debug_frame   0x0000000000000000       0x88 Output/tcar_sim Debug/Obj/inittask.o
 .debug_frame   0x0000000000000088       0x4c Output/tcar_sim Debug/Obj/sysinit.o
 .debug_frame   0x00000000000000d4      0x478 Output/tcar_sim Debug/Obj/deviceio.o
 .debug_frame   0x000000000000054c      0x2a0 Output/tcar_sim Debug/Obj/eventflag.o
 .debug_frame   0x00000000000007ec      0x278 Output/tcar_sim Debug/Obj/mailbox.o
 .debug_frame   0x0000000000000a64      0x1dc Output/tcar_sim Debug/Obj/memory.o
 .debug_frame   0x0000000000000c40      0x2b8 Output/tcar_sim Debug/Obj/mempfix.o
 .debug_frame   0x0000000000000ef8      0x390 Output/tcar_sim Debug/Obj/mempool.o
 .debug_frame   0x0000000000001288      0x360 Output/tcar_sim Debug/Obj/messagebuf.o
 .debug_frame   0x00000000000015e8      0x320 Output/tcar_sim Debug/Obj/mutex.o
 .debug_frame   0x0000000000001908      0x388 Output/tcar_sim Debug/Obj/rendezvous.o
 .debug_frame   0x0000000000001c90      0x260 Output/tcar_sim Debug/Obj/semaphore.o
 .debug_frame   0x0000000000001ef0      0x32c Output/tcar_sim Debug/Obj/task.o
 .debug_frame   0x000000000000221c      0x3b4 Output/tcar_sim Debug/Obj/task_manage.o
 .debug_frame   0x00000000000025d0      0x6c8 Output/tcar_sim Debug/Obj/time_calls.o
 .debug_frame   0x0000000000002c98      0x280 Output/tcar_sim Debug/Obj/timer.o
 .debug_frame   0x0000000000002f18       0x38 Output/tcar_sim Debug/Obj/tkinit.o
 .debug_frame   0x0000000000002f50      0x2c8 Output/tcar_sim Debug/Obj/wait.o
 .debug_frame   0x0000000000003218      0x364 Output/tcar_sim Debug/Obj/device.o
 .debug_frame   0x000000000000357c      0x16c Output/tcar_sim Debug/Obj/string.o
 .debug_frame   0x00000000000036e8       0x40 Output/tcar_sim Debug/Obj/devinit.o
 .debug_frame   0x0000000000003728       0x7c Output/tcar_sim Debug/Obj/hw_setting.o
 .debug_frame   0x00000000000037a4       0x30 Output/tcar_sim Debug/Obj/power_save.o
 .debug_frame   0x00000000000037d4       0x40 Output/tcar_sim Debug/Obj/cpu_clock.o
 .debug_frame   0x0000000000003814       0xd4 Output/tcar_sim Debug/Obj/interrupt.o
 .debug_frame   0x00000000000038e8       0x30 Output/tcar_sim Debug/Obj/reset_hdl.o
 .debug_frame   0x0000000000003918       0x7c Output/tcar_sim Debug/Obj/cpu_cntl.o
 .debug_frame   0x0000000000003994       0xf8 Output/tcar_sim Debug/Obj/exc_hdr.o
 .debug_frame   0x0000000000003a8c      0x178 Output/tcar_sim Debug/Obj/fastmlock.o
 .debug_frame   0x0000000000003c04      0x17c Output/tcar_sim Debug/Obj/int_acm3.o
 .debug_frame   0x0000000000003d80      0x134 Output/tcar_sim Debug/Obj/libtm_printf.o
 .debug_frame   0x0000000000003eb4       0xcc Output/tcar_sim Debug/Obj/libtm.o
 .debug_frame   0x0000000000003f80       0x70 Output/tcar_sim Debug/Obj/SEGGER_tm_com.o
 .debug_frame   0x0000000000003ff0      0x4bc Output/tcar_sim Debug/Obj/SEGGER_RTT.o
 .debug_frame   0x00000000000044ac       0xf0 Output/tcar_sim Debug/Obj/user_main.o

.debug_types    0x0000000000000000     0x40a1
 .debug_types   0x0000000000000000       0x37 Output/tcar_sim Debug/Obj/inittask.o
 .debug_types   0x0000000000000037      0x133 Output/tcar_sim Debug/Obj/inittask.o
 .debug_types   0x000000000000016a       0xb1 Output/tcar_sim Debug/Obj/inittask.o
 .debug_types   0x000000000000021b      0x140 Output/tcar_sim Debug/Obj/inittask.o
 .debug_types   0x000000000000035b       0x3d Output/tcar_sim Debug/Obj/inittask.o
 .debug_types   0x0000000000000398       0x5b Output/tcar_sim Debug/Obj/inittask.o
 .debug_types   0x00000000000003f3       0x83 Output/tcar_sim Debug/Obj/inittask.o
 .debug_types   0x0000000000000476       0x9c Output/tcar_sim Debug/Obj/inittask.o
 .debug_types   0x0000000000000512       0x8a Output/tcar_sim Debug/Obj/inittask.o
 .debug_types   0x000000000000059c       0x5c Output/tcar_sim Debug/Obj/inittask.o
 .debug_types   0x00000000000005f8       0x5d Output/tcar_sim Debug/Obj/inittask.o
 .debug_types   0x0000000000000655       0x52 Output/tcar_sim Debug/Obj/inittask.o
 .debug_types   0x00000000000006a7       0x68 Output/tcar_sim Debug/Obj/inittask.o
 .debug_types   0x000000000000070f       0x48 Output/tcar_sim Debug/Obj/inittask.o
 .debug_types   0x0000000000000757       0xa9 Output/tcar_sim Debug/Obj/inittask.o
 .debug_types   0x0000000000000800      0x2f6 Output/tcar_sim Debug/Obj/inittask.o
 .debug_types   0x0000000000000af6       0x4c Output/tcar_sim Debug/Obj/inittask.o
 .debug_types   0x0000000000000b42       0x54 Output/tcar_sim Debug/Obj/inittask.o
 .debug_types   0x0000000000000b96      0x123 Output/tcar_sim Debug/Obj/inittask.o
 .debug_types   0x0000000000000cb9       0x69 Output/tcar_sim Debug/Obj/deviceio.o
 .debug_types   0x0000000000000d22       0xb3 Output/tcar_sim Debug/Obj/deviceio.o
 .debug_types   0x0000000000000dd5      0x153 Output/tcar_sim Debug/Obj/deviceio.o
 .debug_types   0x0000000000000f28       0xa8 Output/tcar_sim Debug/Obj/deviceio.o
 .debug_types   0x0000000000000fd0       0xa9 Output/tcar_sim Debug/Obj/deviceio.o
 .debug_types   0x0000000000001079      0x120 Output/tcar_sim Debug/Obj/deviceio.o
 .debug_types   0x0000000000001199       0x59 Output/tcar_sim Debug/Obj/deviceio.o
 .debug_types   0x00000000000011f2      0x11f Output/tcar_sim Debug/Obj/deviceio.o
 .debug_types   0x0000000000001311       0xc9 Output/tcar_sim Debug/Obj/deviceio.o
 .debug_types   0x00000000000013da       0xfd Output/tcar_sim Debug/Obj/eventflag.o
 .debug_types   0x00000000000014d7       0xae Output/tcar_sim Debug/Obj/eventflag.o
 .debug_types   0x0000000000001585       0xdd Output/tcar_sim Debug/Obj/eventflag.o
 .debug_types   0x0000000000001662       0x86 Output/tcar_sim Debug/Obj/eventflag.o
 .debug_types   0x00000000000016e8       0x8a Output/tcar_sim Debug/Obj/eventflag.o
 .debug_types   0x0000000000001772       0xb5 Output/tcar_sim Debug/Obj/eventflag.o
 .debug_types   0x0000000000001827      0x115 Output/tcar_sim Debug/Obj/mailbox.o
 .debug_types   0x000000000000193c       0x8a Output/tcar_sim Debug/Obj/mailbox.o
 .debug_types   0x00000000000019c6       0x8e Output/tcar_sim Debug/Obj/mailbox.o
 .debug_types   0x0000000000001a54       0x79 Output/tcar_sim Debug/Obj/mailbox.o
 .debug_types   0x0000000000001acd       0xa0 Output/tcar_sim Debug/Obj/mailbox.o
 .debug_types   0x0000000000001b6d       0x70 Output/tcar_sim Debug/Obj/memory.o
 .debug_types   0x0000000000001bdd      0x183 Output/tcar_sim Debug/Obj/mempfix.o
 .debug_types   0x0000000000001d60       0x3f Output/tcar_sim Debug/Obj/mempfix.o
 .debug_types   0x0000000000001d9f       0x84 Output/tcar_sim Debug/Obj/mempfix.o
 .debug_types   0x0000000000001e23       0x93 Output/tcar_sim Debug/Obj/mempfix.o
 .debug_types   0x0000000000001eb6       0xe6 Output/tcar_sim Debug/Obj/mempfix.o
 .debug_types   0x0000000000001f9c      0x136 Output/tcar_sim Debug/Obj/mempool.o
 .debug_types   0x00000000000020d2       0x91 Output/tcar_sim Debug/Obj/mempool.o
 .debug_types   0x0000000000002163       0xa1 Output/tcar_sim Debug/Obj/mempool.o
 .debug_types   0x0000000000002204       0xd8 Output/tcar_sim Debug/Obj/mempool.o
 .debug_types   0x00000000000022dc      0x168 Output/tcar_sim Debug/Obj/messagebuf.o
 .debug_types   0x0000000000002444       0xab Output/tcar_sim Debug/Obj/messagebuf.o
 .debug_types   0x00000000000024ef       0xbd Output/tcar_sim Debug/Obj/messagebuf.o
 .debug_types   0x00000000000025ac       0xf9 Output/tcar_sim Debug/Obj/messagebuf.o
 .debug_types   0x00000000000026a5       0x58 Output/tcar_sim Debug/Obj/mutex.o
 .debug_types   0x00000000000026fd       0x73 Output/tcar_sim Debug/Obj/mutex.o
 .debug_types   0x0000000000002770       0x73 Output/tcar_sim Debug/Obj/mutex.o
 .debug_types   0x00000000000027e3       0xc8 Output/tcar_sim Debug/Obj/mutex.o
 .debug_types   0x00000000000028ab      0x10b Output/tcar_sim Debug/Obj/rendezvous.o
 .debug_types   0x00000000000029b6       0x8d Output/tcar_sim Debug/Obj/rendezvous.o
 .debug_types   0x0000000000002a43       0x93 Output/tcar_sim Debug/Obj/rendezvous.o
 .debug_types   0x0000000000002ad6       0xcf Output/tcar_sim Debug/Obj/rendezvous.o
 .debug_types   0x0000000000002ba5       0xfe Output/tcar_sim Debug/Obj/semaphore.o
 .debug_types   0x0000000000002ca3       0x73 Output/tcar_sim Debug/Obj/semaphore.o
 .debug_types   0x0000000000002d16       0x73 Output/tcar_sim Debug/Obj/semaphore.o
 .debug_types   0x0000000000002d89       0xb8 Output/tcar_sim Debug/Obj/task.o
 .debug_types   0x0000000000002e41       0x64 Output/tcar_sim Debug/Obj/task_manage.o
 .debug_types   0x0000000000002ea5      0x131 Output/tcar_sim Debug/Obj/task_manage.o
 .debug_types   0x0000000000002fd6       0xe5 Output/tcar_sim Debug/Obj/task_manage.o
 .debug_types   0x00000000000030bb       0xf7 Output/tcar_sim Debug/Obj/time_calls.o
 .debug_types   0x00000000000031b2      0x110 Output/tcar_sim Debug/Obj/time_calls.o
 .debug_types   0x00000000000032c2       0x86 Output/tcar_sim Debug/Obj/time_calls.o
 .debug_types   0x0000000000003348       0x86 Output/tcar_sim Debug/Obj/time_calls.o
 .debug_types   0x00000000000033ce       0x8a Output/tcar_sim Debug/Obj/time_calls.o
 .debug_types   0x0000000000003458       0xc6 Output/tcar_sim Debug/Obj/time_calls.o
 .debug_types   0x000000000000351e       0x8a Output/tcar_sim Debug/Obj/time_calls.o
 .debug_types   0x00000000000035a8       0xee Output/tcar_sim Debug/Obj/time_calls.o
 .debug_types   0x0000000000003696       0x67 Output/tcar_sim Debug/Obj/time_calls.o
 .debug_types   0x00000000000036fd       0xd0 Output/tcar_sim Debug/Obj/device.o
 .debug_types   0x00000000000037cd       0xa7 Output/tcar_sim Debug/Obj/device.o
 .debug_types   0x0000000000003874       0x54 Output/tcar_sim Debug/Obj/hw_setting.o
 .debug_types   0x00000000000038c8       0x78 Output/tcar_sim Debug/Obj/libtm_printf.o
 .debug_types   0x0000000000003940       0x8a Output/tcar_sim Debug/Obj/libtm_printf.o
 .debug_types   0x00000000000039ca       0x6b Output/tcar_sim Debug/Obj/libtm_printf.o
 .debug_types   0x0000000000003a35       0x97 Output/tcar_sim Debug/Obj/libtm_printf.o
 .debug_types   0x0000000000003acc      0x16e Output/tcar_sim Debug/Obj/libtm_printf.o
 .debug_types   0x0000000000003c3a      0x1da Output/tcar_sim Debug/Obj/libtm_printf.o
 .debug_types   0x0000000000003e14       0x54 Output/tcar_sim Debug/Obj/libtm_printf.o
 .debug_types   0x0000000000003e68       0x37 Output/tcar_sim Debug/Obj/libtm_printf.o
 .debug_types   0x0000000000003e9f       0xce Output/tcar_sim Debug/Obj/SEGGER_tm_com.o
 .debug_types   0x0000000000003f6d       0x9a Output/tcar_sim Debug/Obj/SEGGER_tm_com.o
 .debug_types   0x0000000000004007       0x9a Output/tcar_sim Debug/Obj/SEGGER_tm_com.o

.debug_info     0x0000000000000000     0xef36
 .debug_info    0x0000000000000000      0x25f Output/tcar_sim Debug/Obj/inittask.o
 .debug_info    0x000000000000025f      0x214 Output/tcar_sim Debug/Obj/sysinit.o
 .debug_info    0x0000000000000473     0x10a8 Output/tcar_sim Debug/Obj/deviceio.o
 .debug_info    0x000000000000151b      0xa21 Output/tcar_sim Debug/Obj/eventflag.o
 .debug_info    0x0000000000001f3c      0x998 Output/tcar_sim Debug/Obj/mailbox.o
 .debug_info    0x00000000000028d4      0x508 Output/tcar_sim Debug/Obj/memory.o
 .debug_info    0x0000000000002ddc      0x9d7 Output/tcar_sim Debug/Obj/mempfix.o
 .debug_info    0x00000000000037b3      0xc96 Output/tcar_sim Debug/Obj/mempool.o
 .debug_info    0x0000000000004449      0xc70 Output/tcar_sim Debug/Obj/messagebuf.o
 .debug_info    0x00000000000050b9      0xb4a Output/tcar_sim Debug/Obj/mutex.o
 .debug_info    0x0000000000005c03      0x1a8 Output/tcar_sim Debug/Obj/power.o
 .debug_info    0x0000000000005dab      0xdc3 Output/tcar_sim Debug/Obj/rendezvous.o
 .debug_info    0x0000000000006b6e      0x940 Output/tcar_sim Debug/Obj/semaphore.o
 .debug_info    0x00000000000074ae      0x75c Output/tcar_sim Debug/Obj/task.o
 .debug_info    0x0000000000007c0a      0xb33 Output/tcar_sim Debug/Obj/task_manage.o
 .debug_info    0x000000000000873d     0x122b Output/tcar_sim Debug/Obj/time_calls.o
 .debug_info    0x0000000000009968      0x5c8 Output/tcar_sim Debug/Obj/timer.o
 .debug_info    0x0000000000009f30      0x1d4 Output/tcar_sim Debug/Obj/tkinit.o
 .debug_info    0x000000000000a104      0x643 Output/tcar_sim Debug/Obj/wait.o
 .debug_info    0x000000000000a747      0xacb Output/tcar_sim Debug/Obj/device.o
 .debug_info    0x000000000000b212      0x405 Output/tcar_sim Debug/Obj/string.o
 .debug_info    0x000000000000b617      0x212 Output/tcar_sim Debug/Obj/devinit.o
 .debug_info    0x000000000000b829      0x28e Output/tcar_sim Debug/Obj/hw_setting.o
 .debug_info    0x000000000000bab7      0x1e9 Output/tcar_sim Debug/Obj/power_save.o
 .debug_info    0x000000000000bca0       0xcd Output/tcar_sim Debug/Obj/cpu_clock.o
 .debug_info    0x000000000000bd6d      0x34d Output/tcar_sim Debug/Obj/interrupt.o
 .debug_info    0x000000000000c0ba      0x2c9 Output/tcar_sim Debug/Obj/reset_hdl.o
 .debug_info    0x000000000000c383      0x1ec Output/tcar_sim Debug/Obj/vector_tbl.o
 .debug_info    0x000000000000c56f      0x3a1 Output/tcar_sim Debug/Obj/cpu_cntl.o
 .debug_info    0x000000000000c910       0x26 Output/tcar_sim Debug/Obj/dispatch.o
 .debug_info    0x000000000000c936      0x2d5 Output/tcar_sim Debug/Obj/exc_hdr.o
 .debug_info    0x000000000000cc0b      0x3d8 Output/tcar_sim Debug/Obj/fastmlock.o
 .debug_info    0x000000000000cfe3      0x29a Output/tcar_sim Debug/Obj/int_acm3.o
 .debug_info    0x000000000000d27d      0x596 Output/tcar_sim Debug/Obj/libtm_printf.o
 .debug_info    0x000000000000d813      0x20b Output/tcar_sim Debug/Obj/libtm.o
 .debug_info    0x000000000000da1e      0x2d5 Output/tcar_sim Debug/Obj/SEGGER_tm_com.o
 .debug_info    0x000000000000dcf3     0x100c Output/tcar_sim Debug/Obj/SEGGER_RTT.o
 .debug_info    0x000000000000ecff      0x237 Output/tcar_sim Debug/Obj/user_main.o

.debug_abbrev   0x0000000000000000     0x5a6a
 .debug_abbrev  0x0000000000000000      0x209 Output/tcar_sim Debug/Obj/inittask.o
 .debug_abbrev  0x0000000000000209      0x1eb Output/tcar_sim Debug/Obj/sysinit.o
 .debug_abbrev  0x00000000000003f4      0x437 Output/tcar_sim Debug/Obj/deviceio.o
 .debug_abbrev  0x000000000000082b      0x333 Output/tcar_sim Debug/Obj/eventflag.o
 .debug_abbrev  0x0000000000000b5e      0x333 Output/tcar_sim Debug/Obj/mailbox.o
 .debug_abbrev  0x0000000000000e91      0x2ed Output/tcar_sim Debug/Obj/memory.o
 .debug_abbrev  0x000000000000117e      0x333 Output/tcar_sim Debug/Obj/mempfix.o
 .debug_abbrev  0x00000000000014b1      0x376 Output/tcar_sim Debug/Obj/mempool.o
 .debug_abbrev  0x0000000000001827      0x35a Output/tcar_sim Debug/Obj/messagebuf.o
 .debug_abbrev  0x0000000000001b81      0x376 Output/tcar_sim Debug/Obj/mutex.o
 .debug_abbrev  0x0000000000001ef7      0x19e Output/tcar_sim Debug/Obj/power.o
 .debug_abbrev  0x0000000000002095      0x35c Output/tcar_sim Debug/Obj/rendezvous.o
 .debug_abbrev  0x00000000000023f1      0x333 Output/tcar_sim Debug/Obj/semaphore.o
 .debug_abbrev  0x0000000000002724      0x307 Output/tcar_sim Debug/Obj/task.o
 .debug_abbrev  0x0000000000002a2b      0x39e Output/tcar_sim Debug/Obj/task_manage.o
 .debug_abbrev  0x0000000000002dc9      0x3a8 Output/tcar_sim Debug/Obj/time_calls.o
 .debug_abbrev  0x0000000000003171      0x2e2 Output/tcar_sim Debug/Obj/timer.o
 .debug_abbrev  0x0000000000003453      0x1c2 Output/tcar_sim Debug/Obj/tkinit.o
 .debug_abbrev  0x0000000000003615      0x29f Output/tcar_sim Debug/Obj/wait.o
 .debug_abbrev  0x00000000000038b4      0x3af Output/tcar_sim Debug/Obj/device.o
 .debug_abbrev  0x0000000000003c63      0x1e6 Output/tcar_sim Debug/Obj/string.o
 .debug_abbrev  0x0000000000003e49      0x1b1 Output/tcar_sim Debug/Obj/devinit.o
 .debug_abbrev  0x0000000000003ffa      0x223 Output/tcar_sim Debug/Obj/hw_setting.o
 .debug_abbrev  0x000000000000421d      0x1af Output/tcar_sim Debug/Obj/power_save.o
 .debug_abbrev  0x00000000000043cc       0xa3 Output/tcar_sim Debug/Obj/cpu_clock.o
 .debug_abbrev  0x000000000000446f      0x289 Output/tcar_sim Debug/Obj/interrupt.o
 .debug_abbrev  0x00000000000046f8      0x1e5 Output/tcar_sim Debug/Obj/reset_hdl.o
 .debug_abbrev  0x00000000000048dd      0x1a4 Output/tcar_sim Debug/Obj/vector_tbl.o
 .debug_abbrev  0x0000000000004a81      0x23f Output/tcar_sim Debug/Obj/cpu_cntl.o
 .debug_abbrev  0x0000000000004cc0       0x14 Output/tcar_sim Debug/Obj/dispatch.o
 .debug_abbrev  0x0000000000004cd4      0x1f4 Output/tcar_sim Debug/Obj/exc_hdr.o
 .debug_abbrev  0x0000000000004ec8      0x199 Output/tcar_sim Debug/Obj/fastmlock.o
 .debug_abbrev  0x0000000000005061      0x103 Output/tcar_sim Debug/Obj/int_acm3.o
 .debug_abbrev  0x0000000000005164      0x289 Output/tcar_sim Debug/Obj/libtm_printf.o
 .debug_abbrev  0x00000000000053ed       0xda Output/tcar_sim Debug/Obj/libtm.o
 .debug_abbrev  0x00000000000054c7      0x1bc Output/tcar_sim Debug/Obj/SEGGER_tm_com.o
 .debug_abbrev  0x0000000000005683      0x2c8 Output/tcar_sim Debug/Obj/SEGGER_RTT.o
 .debug_abbrev  0x000000000000594b      0x11f Output/tcar_sim Debug/Obj/user_main.o

.debug_pubnames
                0x0000000000000000     0x3079
 .debug_pubnames
                0x0000000000000000       0x5c Output/tcar_sim Debug/Obj/inittask.o
 .debug_pubnames
                0x000000000000005c       0x30 Output/tcar_sim Debug/Obj/sysinit.o
 .debug_pubnames
                0x000000000000008c      0x30e Output/tcar_sim Debug/Obj/deviceio.o
 .debug_pubnames
                0x000000000000039a      0x1c9 Output/tcar_sim Debug/Obj/eventflag.o
 .debug_pubnames
                0x0000000000000563      0x1b9 Output/tcar_sim Debug/Obj/mailbox.o
 .debug_pubnames
                0x000000000000071c      0x117 Output/tcar_sim Debug/Obj/memory.o
 .debug_pubnames
                0x0000000000000833      0x1ed Output/tcar_sim Debug/Obj/mempfix.o
 .debug_pubnames
                0x0000000000000a20      0x237 Output/tcar_sim Debug/Obj/mempool.o
 .debug_pubnames
                0x0000000000000c57      0x245 Output/tcar_sim Debug/Obj/messagebuf.o
 .debug_pubnames
                0x0000000000000e9c      0x27a Output/tcar_sim Debug/Obj/mutex.o
 .debug_pubnames
                0x0000000000001116       0x28 Output/tcar_sim Debug/Obj/power.o
 .debug_pubnames
                0x000000000000113e      0x2b8 Output/tcar_sim Debug/Obj/rendezvous.o
 .debug_pubnames
                0x00000000000013f6      0x1a4 Output/tcar_sim Debug/Obj/semaphore.o
 .debug_pubnames
                0x000000000000159a      0x348 Output/tcar_sim Debug/Obj/task.o
 .debug_pubnames
                0x00000000000018e2      0x21f Output/tcar_sim Debug/Obj/task_manage.o
 .debug_pubnames
                0x0000000000001b01      0x3f7 Output/tcar_sim Debug/Obj/time_calls.o
 .debug_pubnames
                0x0000000000001ef8      0x21e Output/tcar_sim Debug/Obj/timer.o
 .debug_pubnames
                0x0000000000002116       0x26 Output/tcar_sim Debug/Obj/tkinit.o
 .debug_pubnames
                0x000000000000213c      0x1f7 Output/tcar_sim Debug/Obj/wait.o
 .debug_pubnames
                0x0000000000002333      0x234 Output/tcar_sim Debug/Obj/device.o
 .debug_pubnames
                0x0000000000002567       0x7c Output/tcar_sim Debug/Obj/string.o
 .debug_pubnames
                0x00000000000025e3       0x51 Output/tcar_sim Debug/Obj/devinit.o
 .debug_pubnames
                0x0000000000002634       0x5b Output/tcar_sim Debug/Obj/hw_setting.o
 .debug_pubnames
                0x000000000000268f       0x2a Output/tcar_sim Debug/Obj/power_save.o
 .debug_pubnames
                0x00000000000026b9       0x31 Output/tcar_sim Debug/Obj/cpu_clock.o
 .debug_pubnames
                0x00000000000026ea      0x10d Output/tcar_sim Debug/Obj/interrupt.o
 .debug_pubnames
                0x00000000000027f7       0x74 Output/tcar_sim Debug/Obj/reset_hdl.o
 .debug_pubnames
                0x000000000000286b       0x21 Output/tcar_sim Debug/Obj/vector_tbl.o
 .debug_pubnames
                0x000000000000288c       0x8f Output/tcar_sim Debug/Obj/cpu_cntl.o
 .debug_pubnames
                0x000000000000291b       0xb6 Output/tcar_sim Debug/Obj/exc_hdr.o
 .debug_pubnames
                0x00000000000029d1       0x74 Output/tcar_sim Debug/Obj/fastmlock.o
 .debug_pubnames
                0x0000000000002a45       0xc0 Output/tcar_sim Debug/Obj/int_acm3.o
 .debug_pubnames
                0x0000000000002b05       0x63 Output/tcar_sim Debug/Obj/libtm_printf.o
 .debug_pubnames
                0x0000000000002b68       0x5f Output/tcar_sim Debug/Obj/libtm.o
 .debug_pubnames
                0x0000000000002bc7       0x40 Output/tcar_sim Debug/Obj/SEGGER_tm_com.o
 .debug_pubnames
                0x0000000000002c07      0x3f2 Output/tcar_sim Debug/Obj/SEGGER_RTT.o
 .debug_pubnames
                0x0000000000002ff9       0x80 Output/tcar_sim Debug/Obj/user_main.o

.debug_pubtypes
                0x0000000000000000     0x43b5
 .debug_pubtypes
                0x0000000000000000      0x194 Output/tcar_sim Debug/Obj/inittask.o
 .debug_pubtypes
                0x0000000000000194      0x194 Output/tcar_sim Debug/Obj/sysinit.o
 .debug_pubtypes
                0x0000000000000328      0x2d2 Output/tcar_sim Debug/Obj/deviceio.o
 .debug_pubtypes
                0x00000000000005fa      0x265 Output/tcar_sim Debug/Obj/eventflag.o
 .debug_pubtypes
                0x000000000000085f      0x289 Output/tcar_sim Debug/Obj/mailbox.o
 .debug_pubtypes
                0x0000000000000ae8      0x1a5 Output/tcar_sim Debug/Obj/memory.o
 .debug_pubtypes
                0x0000000000000c8d      0x2a1 Output/tcar_sim Debug/Obj/mempfix.o
 .debug_pubtypes
                0x0000000000000f2e      0x284 Output/tcar_sim Debug/Obj/mempool.o
 .debug_pubtypes
                0x00000000000011b2      0x282 Output/tcar_sim Debug/Obj/messagebuf.o
 .debug_pubtypes
                0x0000000000001434      0x24d Output/tcar_sim Debug/Obj/mutex.o
 .debug_pubtypes
                0x0000000000001681      0x17f Output/tcar_sim Debug/Obj/power.o
 .debug_pubtypes
                0x0000000000001800      0x289 Output/tcar_sim Debug/Obj/rendezvous.o
 .debug_pubtypes
                0x0000000000001a89      0x265 Output/tcar_sim Debug/Obj/semaphore.o
 .debug_pubtypes
                0x0000000000001cee      0x1d7 Output/tcar_sim Debug/Obj/task.o
 .debug_pubtypes
                0x0000000000001ec5      0x246 Output/tcar_sim Debug/Obj/task_manage.o
 .debug_pubtypes
                0x000000000000210b      0x2eb Output/tcar_sim Debug/Obj/time_calls.o
 .debug_pubtypes
                0x00000000000023f6      0x1cf Output/tcar_sim Debug/Obj/timer.o
 .debug_pubtypes
                0x00000000000025c5      0x186 Output/tcar_sim Debug/Obj/tkinit.o
 .debug_pubtypes
                0x000000000000274b      0x21d Output/tcar_sim Debug/Obj/wait.o
 .debug_pubtypes
                0x0000000000002968      0x29f Output/tcar_sim Debug/Obj/device.o
 .debug_pubtypes
                0x0000000000002c07      0x186 Output/tcar_sim Debug/Obj/string.o
 .debug_pubtypes
                0x0000000000002d8d      0x18d Output/tcar_sim Debug/Obj/devinit.o
 .debug_pubtypes
                0x0000000000002f1a      0x1ac Output/tcar_sim Debug/Obj/hw_setting.o
 .debug_pubtypes
                0x00000000000030c6      0x186 Output/tcar_sim Debug/Obj/power_save.o
 .debug_pubtypes
                0x000000000000324c       0xd2 Output/tcar_sim Debug/Obj/cpu_clock.o
 .debug_pubtypes
                0x000000000000331e      0x1a3 Output/tcar_sim Debug/Obj/interrupt.o
 .debug_pubtypes
                0x00000000000034c1      0x195 Output/tcar_sim Debug/Obj/reset_hdl.o
 .debug_pubtypes
                0x0000000000003656      0x186 Output/tcar_sim Debug/Obj/vector_tbl.o
 .debug_pubtypes
                0x00000000000037dc      0x1f0 Output/tcar_sim Debug/Obj/cpu_cntl.o
 .debug_pubtypes
                0x00000000000039cc      0x19c Output/tcar_sim Debug/Obj/exc_hdr.o
 .debug_pubtypes
                0x0000000000003b68      0x125 Output/tcar_sim Debug/Obj/fastmlock.o
 .debug_pubtypes
                0x0000000000003c8d      0x103 Output/tcar_sim Debug/Obj/int_acm3.o
 .debug_pubtypes
                0x0000000000003d90      0x1b2 Output/tcar_sim Debug/Obj/libtm_printf.o
 .debug_pubtypes
                0x0000000000003f42       0xe3 Output/tcar_sim Debug/Obj/libtm.o
 .debug_pubtypes
                0x0000000000004025      0x16d Output/tcar_sim Debug/Obj/SEGGER_tm_com.o
 .debug_pubtypes
                0x0000000000004192      0x143 Output/tcar_sim Debug/Obj/SEGGER_RTT.o
 .debug_pubtypes
                0x00000000000042d5       0xe0 Output/tcar_sim Debug/Obj/user_main.o

.debug_aranges  0x0000000000000000     0x1260
 .debug_aranges
                0x0000000000000000       0x30 Output/tcar_sim Debug/Obj/inittask.o
 .debug_aranges
                0x0000000000000030       0x28 Output/tcar_sim Debug/Obj/sysinit.o
 .debug_aranges
                0x0000000000000058      0x110 Output/tcar_sim Debug/Obj/deviceio.o
 .debug_aranges
                0x0000000000000168       0xa8 Output/tcar_sim Debug/Obj/eventflag.o
 .debug_aranges
                0x0000000000000210       0xa0 Output/tcar_sim Debug/Obj/mailbox.o
 .debug_aranges
                0x00000000000002b0       0x80 Output/tcar_sim Debug/Obj/memory.o
 .debug_aranges
                0x0000000000000330       0xb0 Output/tcar_sim Debug/Obj/mempfix.o
 .debug_aranges
                0x00000000000003e0       0xd8 Output/tcar_sim Debug/Obj/mempool.o
 .debug_aranges
                0x00000000000004b8       0xd0 Output/tcar_sim Debug/Obj/messagebuf.o
 .debug_aranges
                0x0000000000000588       0xc0 Output/tcar_sim Debug/Obj/mutex.o
 .debug_aranges
                0x0000000000000648       0x18 Output/tcar_sim Debug/Obj/power.o
 .debug_aranges
                0x0000000000000660       0xd8 Output/tcar_sim Debug/Obj/rendezvous.o
 .debug_aranges
                0x0000000000000738       0x98 Output/tcar_sim Debug/Obj/semaphore.o
 .debug_aranges
                0x00000000000007d0       0xc8 Output/tcar_sim Debug/Obj/task.o
 .debug_aranges
                0x0000000000000898       0xe8 Output/tcar_sim Debug/Obj/task_manage.o
 .debug_aranges
                0x0000000000000980      0x178 Output/tcar_sim Debug/Obj/time_calls.o
 .debug_aranges
                0x0000000000000af8       0xb0 Output/tcar_sim Debug/Obj/timer.o
 .debug_aranges
                0x0000000000000ba8       0x20 Output/tcar_sim Debug/Obj/tkinit.o
 .debug_aranges
                0x0000000000000bc8       0xa8 Output/tcar_sim Debug/Obj/wait.o
 .debug_aranges
                0x0000000000000c70       0xd0 Output/tcar_sim Debug/Obj/device.o
 .debug_aranges
                0x0000000000000d40       0x50 Output/tcar_sim Debug/Obj/string.o
 .debug_aranges
                0x0000000000000d90       0x30 Output/tcar_sim Debug/Obj/devinit.o
 .debug_aranges
                0x0000000000000dc0       0x30 Output/tcar_sim Debug/Obj/hw_setting.o
 .debug_aranges
                0x0000000000000df0       0x28 Output/tcar_sim Debug/Obj/power_save.o
 .debug_aranges
                0x0000000000000e18       0x28 Output/tcar_sim Debug/Obj/cpu_clock.o
 .debug_aranges
                0x0000000000000e40       0x58 Output/tcar_sim Debug/Obj/interrupt.o
 .debug_aranges
                0x0000000000000e98       0x20 Output/tcar_sim Debug/Obj/reset_hdl.o
 .debug_aranges
                0x0000000000000eb8       0x18 Output/tcar_sim Debug/Obj/vector_tbl.o
 .debug_aranges
                0x0000000000000ed0       0x38 Output/tcar_sim Debug/Obj/cpu_cntl.o
 .debug_aranges
                0x0000000000000f08       0x20 Output/tcar_sim Debug/Obj/dispatch.o
 .debug_aranges
                0x0000000000000f28       0x58 Output/tcar_sim Debug/Obj/exc_hdr.o
 .debug_aranges
                0x0000000000000f80       0x60 Output/tcar_sim Debug/Obj/fastmlock.o
 .debug_aranges
                0x0000000000000fe0       0x70 Output/tcar_sim Debug/Obj/int_acm3.o
 .debug_aranges
                0x0000000000001050       0x48 Output/tcar_sim Debug/Obj/libtm_printf.o
 .debug_aranges
                0x0000000000001098       0x40 Output/tcar_sim Debug/Obj/libtm.o
 .debug_aranges
                0x00000000000010d8       0x30 Output/tcar_sim Debug/Obj/SEGGER_tm_com.o
 .debug_aranges
                0x0000000000001108      0x110 Output/tcar_sim Debug/Obj/SEGGER_RTT.o
 .debug_aranges
                0x0000000000001218       0x48 Output/tcar_sim Debug/Obj/user_main.o

.debug_ranges   0x0000000000000000      0xfe0
 .debug_ranges  0x0000000000000000       0x20 Output/tcar_sim Debug/Obj/inittask.o
 .debug_ranges  0x0000000000000020       0x18 Output/tcar_sim Debug/Obj/sysinit.o
 .debug_ranges  0x0000000000000038      0x100 Output/tcar_sim Debug/Obj/deviceio.o
 .debug_ranges  0x0000000000000138       0x98 Output/tcar_sim Debug/Obj/eventflag.o
 .debug_ranges  0x00000000000001d0       0x90 Output/tcar_sim Debug/Obj/mailbox.o
 .debug_ranges  0x0000000000000260       0x70 Output/tcar_sim Debug/Obj/memory.o
 .debug_ranges  0x00000000000002d0       0xa0 Output/tcar_sim Debug/Obj/mempfix.o
 .debug_ranges  0x0000000000000370       0xc8 Output/tcar_sim Debug/Obj/mempool.o
 .debug_ranges  0x0000000000000438       0xc0 Output/tcar_sim Debug/Obj/messagebuf.o
 .debug_ranges  0x00000000000004f8       0xb0 Output/tcar_sim Debug/Obj/mutex.o
 .debug_ranges  0x00000000000005a8       0xc8 Output/tcar_sim Debug/Obj/rendezvous.o
 .debug_ranges  0x0000000000000670       0x88 Output/tcar_sim Debug/Obj/semaphore.o
 .debug_ranges  0x00000000000006f8       0xb8 Output/tcar_sim Debug/Obj/task.o
 .debug_ranges  0x00000000000007b0       0xd8 Output/tcar_sim Debug/Obj/task_manage.o
 .debug_ranges  0x0000000000000888      0x168 Output/tcar_sim Debug/Obj/time_calls.o
 .debug_ranges  0x00000000000009f0       0xa0 Output/tcar_sim Debug/Obj/timer.o
 .debug_ranges  0x0000000000000a90       0x10 Output/tcar_sim Debug/Obj/tkinit.o
 .debug_ranges  0x0000000000000aa0       0x98 Output/tcar_sim Debug/Obj/wait.o
 .debug_ranges  0x0000000000000b38       0xc0 Output/tcar_sim Debug/Obj/device.o
 .debug_ranges  0x0000000000000bf8       0x40 Output/tcar_sim Debug/Obj/string.o
 .debug_ranges  0x0000000000000c38       0x20 Output/tcar_sim Debug/Obj/devinit.o
 .debug_ranges  0x0000000000000c58       0x20 Output/tcar_sim Debug/Obj/hw_setting.o
 .debug_ranges  0x0000000000000c78       0x18 Output/tcar_sim Debug/Obj/power_save.o
 .debug_ranges  0x0000000000000c90       0x18 Output/tcar_sim Debug/Obj/cpu_clock.o
 .debug_ranges  0x0000000000000ca8       0x48 Output/tcar_sim Debug/Obj/interrupt.o
 .debug_ranges  0x0000000000000cf0       0x10 Output/tcar_sim Debug/Obj/reset_hdl.o
 .debug_ranges  0x0000000000000d00       0x28 Output/tcar_sim Debug/Obj/cpu_cntl.o
 .debug_ranges  0x0000000000000d28       0x48 Output/tcar_sim Debug/Obj/exc_hdr.o
 .debug_ranges  0x0000000000000d70       0x50 Output/tcar_sim Debug/Obj/fastmlock.o
 .debug_ranges  0x0000000000000dc0       0x60 Output/tcar_sim Debug/Obj/int_acm3.o
 .debug_ranges  0x0000000000000e20       0x38 Output/tcar_sim Debug/Obj/libtm_printf.o
 .debug_ranges  0x0000000000000e58       0x30 Output/tcar_sim Debug/Obj/libtm.o
 .debug_ranges  0x0000000000000e88       0x20 Output/tcar_sim Debug/Obj/SEGGER_tm_com.o
 .debug_ranges  0x0000000000000ea8      0x100 Output/tcar_sim Debug/Obj/SEGGER_RTT.o
 .debug_ranges  0x0000000000000fa8       0x38 Output/tcar_sim Debug/Obj/user_main.o

.debug_macro    0x0000000000000000     0x717f
 .debug_macro   0x0000000000000000      0x223 Output/tcar_sim Debug/Obj/inittask.o
 .debug_macro   0x0000000000000223      0xacc Output/tcar_sim Debug/Obj/inittask.o
 .debug_macro   0x0000000000000cef      0x16d Output/tcar_sim Debug/Obj/inittask.o
 .debug_macro   0x0000000000000e5c      0x29a Output/tcar_sim Debug/Obj/inittask.o
 .debug_macro   0x00000000000010f6       0x22 Output/tcar_sim Debug/Obj/inittask.o
 .debug_macro   0x0000000000001118       0x34 Output/tcar_sim Debug/Obj/inittask.o
 .debug_macro   0x000000000000114c       0x34 Output/tcar_sim Debug/Obj/inittask.o
 .debug_macro   0x0000000000001180       0x46 Output/tcar_sim Debug/Obj/inittask.o
 .debug_macro   0x00000000000011c6       0xa6 Output/tcar_sim Debug/Obj/inittask.o
 .debug_macro   0x000000000000126c       0x1c Output/tcar_sim Debug/Obj/inittask.o
 .debug_macro   0x0000000000001288      0x1c9 Output/tcar_sim Debug/Obj/inittask.o
 .debug_macro   0x0000000000001451      0x1cb Output/tcar_sim Debug/Obj/inittask.o
 .debug_macro   0x000000000000161c      0x25b Output/tcar_sim Debug/Obj/inittask.o
 .debug_macro   0x0000000000001877       0x16 Output/tcar_sim Debug/Obj/inittask.o
 .debug_macro   0x000000000000188d       0x8e Output/tcar_sim Debug/Obj/inittask.o
 .debug_macro   0x000000000000191b       0x16 Output/tcar_sim Debug/Obj/inittask.o
 .debug_macro   0x0000000000001931       0xa6 Output/tcar_sim Debug/Obj/inittask.o
 .debug_macro   0x00000000000019d7      0x2aa Output/tcar_sim Debug/Obj/inittask.o
 .debug_macro   0x0000000000001c81       0x16 Output/tcar_sim Debug/Obj/inittask.o
 .debug_macro   0x0000000000001c97      0x107 Output/tcar_sim Debug/Obj/inittask.o
 .debug_macro   0x0000000000001d9e       0x1c Output/tcar_sim Debug/Obj/inittask.o
 .debug_macro   0x0000000000001dba       0x2e Output/tcar_sim Debug/Obj/inittask.o
 .debug_macro   0x0000000000001de8       0x82 Output/tcar_sim Debug/Obj/inittask.o
 .debug_macro   0x0000000000001e6a       0x2e Output/tcar_sim Debug/Obj/inittask.o
 .debug_macro   0x0000000000001e98       0x16 Output/tcar_sim Debug/Obj/inittask.o
 .debug_macro   0x0000000000001eae       0x46 Output/tcar_sim Debug/Obj/inittask.o
 .debug_macro   0x0000000000001ef4       0x94 Output/tcar_sim Debug/Obj/inittask.o
 .debug_macro   0x0000000000001f88       0x22 Output/tcar_sim Debug/Obj/inittask.o
 .debug_macro   0x0000000000001faa       0x1c Output/tcar_sim Debug/Obj/inittask.o
 .debug_macro   0x0000000000001fc6       0x10 Output/tcar_sim Debug/Obj/inittask.o
 .debug_macro   0x0000000000001fd6       0x1c Output/tcar_sim Debug/Obj/inittask.o
 .debug_macro   0x0000000000001ff2       0x52 Output/tcar_sim Debug/Obj/inittask.o
 .debug_macro   0x0000000000002044       0x2e Output/tcar_sim Debug/Obj/inittask.o
 .debug_macro   0x0000000000002072      0x221 Output/tcar_sim Debug/Obj/sysinit.o
 .debug_macro   0x0000000000002293      0x242 Output/tcar_sim Debug/Obj/deviceio.o
 .debug_macro   0x00000000000024d5       0x46 Output/tcar_sim Debug/Obj/deviceio.o
 .debug_macro   0x000000000000251b       0x40 Output/tcar_sim Debug/Obj/deviceio.o
 .debug_macro   0x000000000000255b       0x6a Output/tcar_sim Debug/Obj/deviceio.o
 .debug_macro   0x00000000000025c5      0x25d Output/tcar_sim Debug/Obj/eventflag.o
 .debug_macro   0x0000000000002822       0x22 Output/tcar_sim Debug/Obj/eventflag.o
 .debug_macro   0x0000000000002844       0x10 Output/tcar_sim Debug/Obj/eventflag.o
 .debug_macro   0x0000000000002854       0xab Output/tcar_sim Debug/Obj/eventflag.o
 .debug_macro   0x00000000000028ff       0x10 Output/tcar_sim Debug/Obj/eventflag.o
 .debug_macro   0x000000000000290f      0x25d Output/tcar_sim Debug/Obj/mailbox.o
 .debug_macro   0x0000000000002b6c       0x1c Output/tcar_sim Debug/Obj/mailbox.o
 .debug_macro   0x0000000000002b88      0x239 Output/tcar_sim Debug/Obj/memory.o
 .debug_macro   0x0000000000002dc1       0x58 Output/tcar_sim Debug/Obj/memory.o
 .debug_macro   0x0000000000002e19      0x267 Output/tcar_sim Debug/Obj/mempfix.o
 .debug_macro   0x0000000000003080       0x1c Output/tcar_sim Debug/Obj/mempfix.o
 .debug_macro   0x000000000000309c      0x275 Output/tcar_sim Debug/Obj/mempool.o
 .debug_macro   0x0000000000003311       0x10 Output/tcar_sim Debug/Obj/mempool.o
 .debug_macro   0x0000000000003321      0x25d Output/tcar_sim Debug/Obj/messagebuf.o
 .debug_macro   0x000000000000357e       0x22 Output/tcar_sim Debug/Obj/messagebuf.o
 .debug_macro   0x00000000000035a0      0x258 Output/tcar_sim Debug/Obj/mutex.o
 .debug_macro   0x00000000000037f8      0x22a Output/tcar_sim Debug/Obj/power.o
 .debug_macro   0x0000000000003a22      0x25d Output/tcar_sim Debug/Obj/rendezvous.o
 .debug_macro   0x0000000000003c7f       0x1c Output/tcar_sim Debug/Obj/rendezvous.o
 .debug_macro   0x0000000000003c9b      0x25d Output/tcar_sim Debug/Obj/semaphore.o
 .debug_macro   0x0000000000003ef8       0x10 Output/tcar_sim Debug/Obj/semaphore.o
 .debug_macro   0x0000000000003f08      0x27a Output/tcar_sim Debug/Obj/task.o
 .debug_macro   0x0000000000004182       0x1c Output/tcar_sim Debug/Obj/task.o
 .debug_macro   0x000000000000419e       0x10 Output/tcar_sim Debug/Obj/task.o
 .debug_macro   0x00000000000041ae      0x27a Output/tcar_sim Debug/Obj/task_manage.o
 .debug_macro   0x0000000000004428      0x284 Output/tcar_sim Debug/Obj/time_calls.o
 .debug_macro   0x00000000000046ac       0x1c Output/tcar_sim Debug/Obj/time_calls.o
 .debug_macro   0x00000000000046c8       0x1c Output/tcar_sim Debug/Obj/time_calls.o
 .debug_macro   0x00000000000046e4      0x24c Output/tcar_sim Debug/Obj/timer.o
 .debug_macro   0x0000000000004930      0x225 Output/tcar_sim Debug/Obj/tkinit.o
 .debug_macro   0x0000000000004b55      0x24b Output/tcar_sim Debug/Obj/wait.o
 .debug_macro   0x0000000000004da0      0x242 Output/tcar_sim Debug/Obj/device.o
 .debug_macro   0x0000000000004fe2      0x221 Output/tcar_sim Debug/Obj/string.o
 .debug_macro   0x0000000000005203      0x232 Output/tcar_sim Debug/Obj/devinit.o
 .debug_macro   0x0000000000005435       0xac Output/tcar_sim Debug/Obj/devinit.o
 .debug_macro   0x00000000000054e1      0x23f Output/tcar_sim Debug/Obj/hw_setting.o
 .debug_macro   0x0000000000005720      0x23f Output/tcar_sim Debug/Obj/power_save.o
 .debug_macro   0x000000000000595f      0x163 Output/tcar_sim Debug/Obj/cpu_clock.o
 .debug_macro   0x0000000000005ac2      0x248 Output/tcar_sim Debug/Obj/interrupt.o
 .debug_macro   0x0000000000005d0a       0x1c Output/tcar_sim Debug/Obj/interrupt.o
 .debug_macro   0x0000000000005d26      0x248 Output/tcar_sim Debug/Obj/reset_hdl.o
 .debug_macro   0x0000000000005f6e      0x248 Output/tcar_sim Debug/Obj/vector_tbl.o
 .debug_macro   0x00000000000061b6      0x251 Output/tcar_sim Debug/Obj/cpu_cntl.o
 .debug_macro   0x0000000000006407      0x247 Output/tcar_sim Debug/Obj/exc_hdr.o
 .debug_macro   0x000000000000664e      0x14f Output/tcar_sim Debug/Obj/fastmlock.o
 .debug_macro   0x000000000000679d      0x14f Output/tcar_sim Debug/Obj/int_acm3.o
 .debug_macro   0x00000000000068ec      0x1a7 Output/tcar_sim Debug/Obj/libtm_printf.o
 .debug_macro   0x0000000000006a93       0x1c Output/tcar_sim Debug/Obj/libtm_printf.o
 .debug_macro   0x0000000000006aaf       0x16 Output/tcar_sim Debug/Obj/libtm_printf.o
 .debug_macro   0x0000000000006ac5       0x89 Output/tcar_sim Debug/Obj/libtm_printf.o
 .debug_macro   0x0000000000006b4e       0x1c Output/tcar_sim Debug/Obj/libtm_printf.o
 .debug_macro   0x0000000000006b6a      0x16b Output/tcar_sim Debug/Obj/libtm.o
 .debug_macro   0x0000000000006cd5       0xda Output/tcar_sim Debug/Obj/SEGGER_tm_com.o
 .debug_macro   0x0000000000006daf       0x48 Output/tcar_sim Debug/Obj/SEGGER_tm_com.o
 .debug_macro   0x0000000000006df7       0x28 Output/tcar_sim Debug/Obj/SEGGER_tm_com.o
 .debug_macro   0x0000000000006e1f       0x22 Output/tcar_sim Debug/Obj/SEGGER_tm_com.o
 .debug_macro   0x0000000000006e41      0x115 Output/tcar_sim Debug/Obj/SEGGER_tm_com.o
 .debug_macro   0x0000000000006f56       0xa2 Output/tcar_sim Debug/Obj/SEGGER_RTT.o
 .debug_macro   0x0000000000006ff8       0x2e Output/tcar_sim Debug/Obj/SEGGER_RTT.o
 .debug_macro   0x0000000000007026      0x159 Output/tcar_sim Debug/Obj/user_main.o

.debug_line     0x0000000000000000    0x18fcc
 .debug_line    0x0000000000000000      0x855 Output/tcar_sim Debug/Obj/inittask.o
 .debug_line    0x0000000000000855      0x84d Output/tcar_sim Debug/Obj/sysinit.o
 .debug_line    0x00000000000010a2     0x1252 Output/tcar_sim Debug/Obj/deviceio.o
 .debug_line    0x00000000000022f4      0xdd3 Output/tcar_sim Debug/Obj/eventflag.o
 .debug_line    0x00000000000030c7      0xd1f Output/tcar_sim Debug/Obj/mailbox.o
 .debug_line    0x0000000000003de6      0xb19 Output/tcar_sim Debug/Obj/memory.o
 .debug_line    0x00000000000048ff      0xe21 Output/tcar_sim Debug/Obj/mempfix.o
 .debug_line    0x0000000000005720     0x10ff Output/tcar_sim Debug/Obj/mempool.o
 .debug_line    0x000000000000681f     0x1085 Output/tcar_sim Debug/Obj/messagebuf.o
 .debug_line    0x00000000000078a4      0xfed Output/tcar_sim Debug/Obj/mutex.o
 .debug_line    0x0000000000008891      0x78a Output/tcar_sim Debug/Obj/power.o
 .debug_line    0x000000000000901b     0x11a1 Output/tcar_sim Debug/Obj/rendezvous.o
 .debug_line    0x000000000000a1bc      0xd7f Output/tcar_sim Debug/Obj/semaphore.o
 .debug_line    0x000000000000af3b      0xc5d Output/tcar_sim Debug/Obj/task.o
 .debug_line    0x000000000000bb98     0x11bf Output/tcar_sim Debug/Obj/task_manage.o
 .debug_line    0x000000000000cd57     0x1466 Output/tcar_sim Debug/Obj/time_calls.o
 .debug_line    0x000000000000e1bd      0xaab Output/tcar_sim Debug/Obj/timer.o
 .debug_line    0x000000000000ec68      0x831 Output/tcar_sim Debug/Obj/tkinit.o
 .debug_line    0x000000000000f499      0xab2 Output/tcar_sim Debug/Obj/wait.o
 .debug_line    0x000000000000ff4b      0xdb5 Output/tcar_sim Debug/Obj/device.o
 .debug_line    0x0000000000010d00      0x9ab Output/tcar_sim Debug/Obj/string.o
 .debug_line    0x00000000000116ab      0x7f3 Output/tcar_sim Debug/Obj/devinit.o
 .debug_line    0x0000000000011e9e      0x850 Output/tcar_sim Debug/Obj/hw_setting.o
 .debug_line    0x00000000000126ee      0x7d5 Output/tcar_sim Debug/Obj/power_save.o
 .debug_line    0x0000000000012ec3      0x56a Output/tcar_sim Debug/Obj/cpu_clock.o
 .debug_line    0x000000000001342d      0x8b6 Output/tcar_sim Debug/Obj/interrupt.o
 .debug_line    0x0000000000013ce3      0x89a Output/tcar_sim Debug/Obj/reset_hdl.o
 .debug_line    0x000000000001457d      0x7c0 Output/tcar_sim Debug/Obj/vector_tbl.o
 .debug_line    0x0000000000014d3d      0x901 Output/tcar_sim Debug/Obj/cpu_cntl.o
 .debug_line    0x000000000001563e       0xc4 Output/tcar_sim Debug/Obj/dispatch.o
 .debug_line    0x0000000000015702      0x8df Output/tcar_sim Debug/Obj/exc_hdr.o
 .debug_line    0x0000000000015fe1      0x64e Output/tcar_sim Debug/Obj/fastmlock.o
 .debug_line    0x000000000001662f      0x62f Output/tcar_sim Debug/Obj/int_acm3.o
 .debug_line    0x0000000000016c5e      0xa03 Output/tcar_sim Debug/Obj/libtm_printf.o
 .debug_line    0x0000000000017661      0x5fd Output/tcar_sim Debug/Obj/libtm.o
 .debug_line    0x0000000000017c5e      0x43c Output/tcar_sim Debug/Obj/SEGGER_tm_com.o
 .debug_line    0x000000000001809a      0x921 Output/tcar_sim Debug/Obj/SEGGER_RTT.o
 .debug_line    0x00000000000189bb      0x611 Output/tcar_sim Debug/Obj/user_main.o

.debug_str      0x0000000000000000     0xd455
 .debug_str     0x0000000000000000     0x7854 Output/tcar_sim Debug/Obj/inittask.o
                                       0x7973 (size before relaxing)
 .debug_str     0x0000000000007854       0x77 Output/tcar_sim Debug/Obj/sysinit.o
                                       0x78c6 (size before relaxing)
 .debug_str     0x00000000000078cb      0x8df Output/tcar_sim Debug/Obj/deviceio.o
                                       0x81a4 (size before relaxing)
 .debug_str     0x00000000000081aa      0xac1 Output/tcar_sim Debug/Obj/eventflag.o
                                       0x836d (size before relaxing)
 .debug_str     0x0000000000008c6b      0x27e Output/tcar_sim Debug/Obj/mailbox.o
                                       0x83d7 (size before relaxing)
 .debug_str     0x0000000000008ee9      0x3af Output/tcar_sim Debug/Obj/memory.o
                                       0x7d60 (size before relaxing)
 .debug_str     0x0000000000009298      0x2de Output/tcar_sim Debug/Obj/mempfix.o
                                       0x8445 (size before relaxing)
 .debug_str     0x0000000000009576      0x25a Output/tcar_sim Debug/Obj/mempool.o
                                       0x87c8 (size before relaxing)
 .debug_str     0x00000000000097d0      0x32f Output/tcar_sim Debug/Obj/messagebuf.o
                                       0x8492 (size before relaxing)
 .debug_str     0x0000000000009aff      0x23c Output/tcar_sim Debug/Obj/mutex.o
                                       0x838f (size before relaxing)
 .debug_str     0x0000000000009d3b       0x53 Output/tcar_sim Debug/Obj/power.o
                                       0x7f60 (size before relaxing)
 .debug_str     0x0000000000009d8e      0x315 Output/tcar_sim Debug/Obj/rendezvous.o
                                       0x84c9 (size before relaxing)
 .debug_str     0x000000000000a0a3      0x1d6 Output/tcar_sim Debug/Obj/semaphore.o
                                       0x8349 (size before relaxing)
 .debug_str     0x000000000000a279      0x2db Output/tcar_sim Debug/Obj/task.o
                                       0x8416 (size before relaxing)
 .debug_str     0x000000000000a554      0x1cd Output/tcar_sim Debug/Obj/task_manage.o
                                       0x845f (size before relaxing)
 .debug_str     0x000000000000a721      0x5c4 Output/tcar_sim Debug/Obj/time_calls.o
                                       0x8705 (size before relaxing)
 .debug_str     0x000000000000ace5      0x15c Output/tcar_sim Debug/Obj/timer.o
                                       0x7afd (size before relaxing)
 .debug_str     0x000000000000ae41       0x64 Output/tcar_sim Debug/Obj/tkinit.o
                                       0x78ae (size before relaxing)
 .debug_str     0x000000000000aea5      0x153 Output/tcar_sim Debug/Obj/wait.o
                                       0x7c04 (size before relaxing)
 .debug_str     0x000000000000aff8      0x189 Output/tcar_sim Debug/Obj/device.o
                                       0x809d (size before relaxing)
 .debug_str     0x000000000000b181       0xbd Output/tcar_sim Debug/Obj/string.o
                                       0x7902 (size before relaxing)
 .debug_str     0x000000000000b23e       0xf8 Output/tcar_sim Debug/Obj/devinit.o
                                       0x793d (size before relaxing)
 .debug_str     0x000000000000b336       0xae Output/tcar_sim Debug/Obj/hw_setting.o
                                       0x7961 (size before relaxing)
 .debug_str     0x000000000000b3e4       0x74 Output/tcar_sim Debug/Obj/power_save.o
                                       0x791d (size before relaxing)
 .debug_str     0x000000000000b458       0x87 Output/tcar_sim Debug/Obj/cpu_clock.o
                                       0x6b02 (size before relaxing)
 .debug_str     0x000000000000b4df      0x17b Output/tcar_sim Debug/Obj/interrupt.o
                                       0x7a62 (size before relaxing)
 .debug_str     0x000000000000b65a       0xb9 Output/tcar_sim Debug/Obj/reset_hdl.o
                                       0x79ee (size before relaxing)
 .debug_str     0x000000000000b713       0x68 Output/tcar_sim Debug/Obj/vector_tbl.o
                                       0x79a8 (size before relaxing)
 .debug_str     0x000000000000b77b       0xdf Output/tcar_sim Debug/Obj/cpu_cntl.o
                                       0x7a81 (size before relaxing)
 .debug_str     0x000000000000b85a       0x74 Output/tcar_sim Debug/Obj/dispatch.o
                                         0xa7 (size before relaxing)
 .debug_str     0x000000000000b8ce      0x121 Output/tcar_sim Debug/Obj/exc_hdr.o
                                       0x7a56 (size before relaxing)
 .debug_str     0x000000000000b9ef       0x7b Output/tcar_sim Debug/Obj/fastmlock.o
                                       0x6b0e (size before relaxing)
 .debug_str     0x000000000000ba6a       0xff Output/tcar_sim Debug/Obj/int_acm3.o
                                       0x6b52 (size before relaxing)
 .debug_str     0x000000000000bb69      0x846 Output/tcar_sim Debug/Obj/libtm_printf.o
                                       0x7386 (size before relaxing)
 .debug_str     0x000000000000c3af       0x8c Output/tcar_sim Debug/Obj/libtm.o
                                       0x6b55 (size before relaxing)
 .debug_str     0x000000000000c43b      0x997 Output/tcar_sim Debug/Obj/SEGGER_tm_com.o
                                       0x5e09 (size before relaxing)
 .debug_str     0x000000000000cdd2      0x5df Output/tcar_sim Debug/Obj/SEGGER_RTT.o
                                       0x437c (size before relaxing)
 .debug_str     0x000000000000d3b1       0xa4 Output/tcar_sim Debug/Obj/user_main.o
                                       0x6af1 (size before relaxing)

.comment        0x0000000000000000       0x47
 .comment       0x0000000000000000       0x47 Output/tcar_sim Debug/Obj/inittask.o
                                         0x48 (size before relaxing)
 .comment       0x0000000000000047       0x48 Output/tcar_sim Debug/Obj/sysinit.o
 .comment       0x0000000000000047       0x48 Output/tcar_sim Debug/Obj/deviceio.o
 .comment       0x0000000000000047       0x48 Output/tcar_sim Debug/Obj/eventflag.o
 .comment       0x0000000000000047       0x48 Output/tcar_sim Debug/Obj/mailbox.o
 .comment       0x0000000000000047       0x48 Output/tcar_sim Debug/Obj/memory.o
 .comment       0x0000000000000047       0x48 Output/tcar_sim Debug/Obj/mempfix.o
 .comment       0x0000000000000047       0x48 Output/tcar_sim Debug/Obj/mempool.o
 .comment       0x0000000000000047       0x48 Output/tcar_sim Debug/Obj/messagebuf.o
 .comment       0x0000000000000047       0x48 Output/tcar_sim Debug/Obj/mutex.o
 .comment       0x0000000000000047       0x48 Output/tcar_sim Debug/Obj/power.o
 .comment       0x0000000000000047       0x48 Output/tcar_sim Debug/Obj/rendezvous.o
 .comment       0x0000000000000047       0x48 Output/tcar_sim Debug/Obj/semaphore.o
 .comment       0x0000000000000047       0x48 Output/tcar_sim Debug/Obj/task.o
 .comment       0x0000000000000047       0x48 Output/tcar_sim Debug/Obj/task_manage.o
 .comment       0x0000000000000047       0x48 Output/tcar_sim Debug/Obj/time_calls.o
 .comment       0x0000000000000047       0x48 Output/tcar_sim Debug/Obj/timer.o
 .comment       0x0000000000000047       0x48 Output/tcar_sim Debug/Obj/tkinit.o
 .comment       0x0000000000000047       0x48 Output/tcar_sim Debug/Obj/wait.o
 .comment       0x0000000000000047       0x48 Output/tcar_sim Debug/Obj/device.o
 .comment       0x0000000000000047       0x48 Output/tcar_sim Debug/Obj/string.o
 .comment       0x0000000000000047       0x48 Output/tcar_sim Debug/Obj/devinit.o
 .comment       0x0000000000000047       0x48 Output/tcar_sim Debug/Obj/hw_setting.o
 .comment       0x0000000000000047       0x48 Output/tcar_sim Debug/Obj/power_save.o
 .comment       0x0000000000000047       0x48 Output/tcar_sim Debug/Obj/cpu_clock.o
 .comment       0x0000000000000047       0x48 Output/tcar_sim Debug/Obj/interrupt.o
 .comment       0x0000000000000047       0x48 Output/tcar_sim Debug/Obj/reset_hdl.o
 .comment       0x0000000000000047       0x48 Output/tcar_sim Debug/Obj/vector_tbl.o
 .comment       0x0000000000000047       0x48 Output/tcar_sim Debug/Obj/cpu_cntl.o
 .comment       0x0000000000000047       0x48 Output/tcar_sim Debug/Obj/exc_hdr.o
 .comment       0x0000000000000047       0x48 Output/tcar_sim Debug/Obj/fastmlock.o
 .comment       0x0000000000000047       0x48 Output/tcar_sim Debug/Obj/int_acm3.o
 .comment       0x0000000000000047       0x48 Output/tcar_sim Debug/Obj/libtm_printf.o
 .comment       0x0000000000000047       0x48 Output/tcar_sim Debug/Obj/libtm.o
 .comment       0x0000000000000047       0x48 Output/tcar_sim Debug/Obj/SEGGER_tm_com.o
 .comment       0x0000000000000047       0x48 Output/tcar_sim Debug/Obj/SEGGER_RTT.o
 .comment       0x0000000000000047       0x48 Output/tcar_sim Debug/Obj/user_main.o

.ARM.attributes
                0x0000000000000000       0x31
 .ARM.attributes
                0x0000000000000000       0x33 Output/tcar_sim Debug/Obj/inittask.o
 .ARM.attributes
                0x0000000000000033       0x33 Output/tcar_sim Debug/Obj/sysinit.o
 .ARM.attributes
                0x0000000000000066       0x33 Output/tcar_sim Debug/Obj/deviceio.o
 .ARM.attributes
                0x0000000000000099       0x33 Output/tcar_sim Debug/Obj/eventflag.o
 .ARM.attributes
                0x00000000000000cc       0x33 Output/tcar_sim Debug/Obj/mailbox.o
 .ARM.attributes
                0x00000000000000ff       0x33 Output/tcar_sim Debug/Obj/memory.o
 .ARM.attributes
                0x0000000000000132       0x33 Output/tcar_sim Debug/Obj/mempfix.o
 .ARM.attributes
                0x0000000000000165       0x33 Output/tcar_sim Debug/Obj/mempool.o
 .ARM.attributes
                0x0000000000000198       0x33 Output/tcar_sim Debug/Obj/messagebuf.o
 .ARM.attributes
                0x00000000000001cb       0x33 Output/tcar_sim Debug/Obj/mutex.o
 .ARM.attributes
                0x00000000000001fe       0x33 Output/tcar_sim Debug/Obj/power.o
 .ARM.attributes
                0x0000000000000231       0x33 Output/tcar_sim Debug/Obj/rendezvous.o
 .ARM.attributes
                0x0000000000000264       0x33 Output/tcar_sim Debug/Obj/semaphore.o
 .ARM.attributes
                0x0000000000000297       0x33 Output/tcar_sim Debug/Obj/task.o
 .ARM.attributes
                0x00000000000002ca       0x33 Output/tcar_sim Debug/Obj/task_manage.o
 .ARM.attributes
                0x00000000000002fd       0x33 Output/tcar_sim Debug/Obj/time_calls.o
 .ARM.attributes
                0x0000000000000330       0x33 Output/tcar_sim Debug/Obj/timer.o
 .ARM.attributes
                0x0000000000000363       0x33 Output/tcar_sim Debug/Obj/tkinit.o
 .ARM.attributes
                0x0000000000000396       0x33 Output/tcar_sim Debug/Obj/wait.o
 .ARM.attributes
                0x00000000000003c9       0x33 Output/tcar_sim Debug/Obj/device.o
 .ARM.attributes
                0x00000000000003fc       0x33 Output/tcar_sim Debug/Obj/string.o
 .ARM.attributes
                0x000000000000042f       0x33 Output/tcar_sim Debug/Obj/devinit.o
 .ARM.attributes
                0x0000000000000462       0x33 Output/tcar_sim Debug/Obj/hw_setting.o
 .ARM.attributes
                0x0000000000000495       0x33 Output/tcar_sim Debug/Obj/power_save.o
 .ARM.attributes
                0x00000000000004c8       0x33 Output/tcar_sim Debug/Obj/cpu_clock.o
 .ARM.attributes
                0x00000000000004fb       0x33 Output/tcar_sim Debug/Obj/interrupt.o
 .ARM.attributes
                0x000000000000052e       0x33 Output/tcar_sim Debug/Obj/reset_hdl.o
 .ARM.attributes
                0x0000000000000561       0x33 Output/tcar_sim Debug/Obj/vector_tbl.o
 .ARM.attributes
                0x0000000000000594       0x33 Output/tcar_sim Debug/Obj/cpu_cntl.o
 .ARM.attributes
                0x00000000000005c7       0x21 Output/tcar_sim Debug/Obj/dispatch.o
 .ARM.attributes
                0x00000000000005e8       0x33 Output/tcar_sim Debug/Obj/exc_hdr.o
 .ARM.attributes
                0x000000000000061b       0x33 Output/tcar_sim Debug/Obj/fastmlock.o
 .ARM.attributes
                0x000000000000064e       0x33 Output/tcar_sim Debug/Obj/int_acm3.o
 .ARM.attributes
                0x0000000000000681       0x33 Output/tcar_sim Debug/Obj/libtm_printf.o
 .ARM.attributes